###############################################################################
#
# IAR ELF Linker V8.32.1.169/W32 for ARM                  18/Dec/2019  22:22:18
# Copyright 2007-2018 IAR Systems AB.
#
#    Output file  =  D:\Lora_Backup\EWARM\IAR_RFIDIM\Exe\IAR_RFIDIM.out
#    Map file     =  D:\Lora_Backup\EWARM\IAR_RFIDIM\List\IAR_RFIDIM.map
#    Command line =  
#        -f C:\Users\15122\AppData\Local\Temp\EW50D8.tmp
#        (D:\Lora_Backup\EWARM\IAR_RFIDIM\Obj\logging.o
#        D:\Lora_Backup\EWARM\IAR_RFIDIM\Obj\Lora_transmission_HAL.o
#        D:\Lora_Backup\EWARM\IAR_RFIDIM\Obj\main.o
#        D:\Lora_Backup\EWARM\IAR_RFIDIM\Obj\mainApp.o
#        D:\Lora_Backup\EWARM\IAR_RFIDIM\Obj\Master.o
#        D:\Lora_Backup\EWARM\IAR_RFIDIM\Obj\Slave.o
#        D:\Lora_Backup\EWARM\IAR_RFIDIM\Obj\spi.o
#        D:\Lora_Backup\EWARM\IAR_RFIDIM\Obj\startup_stm32f103xb.o
#        D:\Lora_Backup\EWARM\IAR_RFIDIM\Obj\stm32f1xx_hal.o
#        D:\Lora_Backup\EWARM\IAR_RFIDIM\Obj\stm32f1xx_hal_cortex.o
#        D:\Lora_Backup\EWARM\IAR_RFIDIM\Obj\stm32f1xx_hal_dma.o
#        D:\Lora_Backup\EWARM\IAR_RFIDIM\Obj\stm32f1xx_hal_exti.o
#        D:\Lora_Backup\EWARM\IAR_RFIDIM\Obj\stm32f1xx_hal_flash.o
#        D:\Lora_Backup\EWARM\IAR_RFIDIM\Obj\stm32f1xx_hal_flash_ex.o
#        D:\Lora_Backup\EWARM\IAR_RFIDIM\Obj\stm32f1xx_hal_gpio.o
#        D:\Lora_Backup\EWARM\IAR_RFIDIM\Obj\stm32f1xx_hal_gpio_ex.o
#        D:\Lora_Backup\EWARM\IAR_RFIDIM\Obj\stm32f1xx_hal_msp.o
#        D:\Lora_Backup\EWARM\IAR_RFIDIM\Obj\stm32f1xx_hal_pcd.o
#        D:\Lora_Backup\EWARM\IAR_RFIDIM\Obj\stm32f1xx_hal_pcd_ex.o
#        D:\Lora_Backup\EWARM\IAR_RFIDIM\Obj\stm32f1xx_hal_pwr.o
#        D:\Lora_Backup\EWARM\IAR_RFIDIM\Obj\stm32f1xx_hal_rcc.o
#        D:\Lora_Backup\EWARM\IAR_RFIDIM\Obj\stm32f1xx_hal_rcc_ex.o
#        D:\Lora_Backup\EWARM\IAR_RFIDIM\Obj\stm32f1xx_hal_spi.o
#        D:\Lora_Backup\EWARM\IAR_RFIDIM\Obj\stm32f1xx_hal_tim.o
#        D:\Lora_Backup\EWARM\IAR_RFIDIM\Obj\stm32f1xx_hal_tim_ex.o
#        D:\Lora_Backup\EWARM\IAR_RFIDIM\Obj\stm32f1xx_it.o
#        D:\Lora_Backup\EWARM\IAR_RFIDIM\Obj\stm32f1xx_ll_usb.o
#        D:\Lora_Backup\EWARM\IAR_RFIDIM\Obj\SW_Timer.o
#        D:\Lora_Backup\EWARM\IAR_RFIDIM\Obj\system_stm32f1xx.o
#        D:\Lora_Backup\EWARM\IAR_RFIDIM\Obj\usb_device.o
#        D:\Lora_Backup\EWARM\IAR_RFIDIM\Obj\usbd_cdc.o
#        D:\Lora_Backup\EWARM\IAR_RFIDIM\Obj\usbd_cdc_if.o
#        D:\Lora_Backup\EWARM\IAR_RFIDIM\Obj\usbd_conf.o
#        D:\Lora_Backup\EWARM\IAR_RFIDIM\Obj\usbd_core.o
#        D:\Lora_Backup\EWARM\IAR_RFIDIM\Obj\usbd_ctlreq.o
#        D:\Lora_Backup\EWARM\IAR_RFIDIM\Obj\usbd_desc.o
#        D:\Lora_Backup\EWARM\IAR_RFIDIM\Obj\usbd_ioreq.o --redirect
#        _Printf=_PrintfFull --redirect _Scanf=_ScanfFull --no_out_extension -o
#        D:\Lora_Backup\EWARM\IAR_RFIDIM\Exe\IAR_RFIDIM.out --map
#        D:\Lora_Backup\EWARM\IAR_RFIDIM\List\IAR_RFIDIM.map --config
#        D:\Lora_Backup\EWARM/stm32f103xb_flash.icf --semihosting --entry
#        __iar_program_start --vfe --text_out locale)
#
###############################################################################

*******************************************************************************
*** RUNTIME MODEL ATTRIBUTES
***

CppFlavor       = *
__SystemLibrary = DLib
__dlib_version  = 6


*******************************************************************************
*** HEAP SELECTION
***

The basic heap was selected because no calls to memory allocation
functions were found in the application outside of system library
functions, and there are calls to deallocation functions in the
application.


*******************************************************************************
*** PLACEMENT SUMMARY
***

"A0":  place at 0x800'0000 { ro section .intvec };
"P1":  place in [from 0x800'0000 to 0x801'ffff] { ro };
define block CSTACK with size = 1K, alignment = 8 { };
define block HEAP with size = 512, alignment = 8 { };
"P2":  place in [from 0x2000'0000 to 0x2000'4fff] {
          rw, block CSTACK, block HEAP };
initialize by copy { rw };

  Section            Kind         Address    Size  Object
  -------            ----         -------    ----  ------
"A0":                                        0xec
  .intvec            ro code   0x800'0000    0xec  startup_stm32f103xb.o [1]
                             - 0x800'00ec    0xec

"P1":                                      0x7d21
  .text              ro code   0x800'00ec   0xf46  xprintffull.o [2]
  .text              ro code   0x800'1032    0x7a  lz77_init_single.o [4]
  .text              ro code   0x800'10ac    0xa4  xlocale_c.o [2]
  .text              ro code   0x800'1150    0x16  strchr.o [4]
  .text              ro code   0x800'1166    0x3a  zero_init3.o [4]
  .text              ro code   0x800'11a0    0x40  xfail_s.o [2]
  .text              ro code   0x800'11e0    0x36  strlen.o [4]
  .text              ro code   0x800'1216    0x1e  xencoding_8859_1.o [2]
  .text              ro code   0x800'1234    0x58  memchr.o [4]
  .text              ro code   0x800'128c     0xa  xmbcurmax.o [2]
  .text              ro code   0x800'1296     0xa  xsprout.o [2]
  .text              ro code   0x800'12a0    0xa6  ABImemcpy.o [4]
  .rodata            const     0x800'1346     0x2  stm32f1xx_hal_rcc.o [1]
  .text              ro code   0x800'1348   0x230  I64DivMod.o [4]
  .text              ro code   0x800'1578   0x1a2  DblMul.o [3]
  .text              ro code   0x800'171c    0x70  frexp.o [3]
  .text              ro code   0x800'178c    0x2e  DblCmpLe.o [3]
  .text              ro code   0x800'17bc    0x2e  DblCmpGe.o [3]
  .text              ro code   0x800'17ec   0x13a  ldexp.o [3]
  .text              ro code   0x800'1928    0x3a  DblToS32.o [3]
  .text              ro code   0x800'1964    0x22  S32ToDbl.o [3]
  .text              ro code   0x800'1988    0xe2  DblSub.o [3]
  .text              ro code   0x800'1a6c   0x246  DblDiv.o [3]
  .text              ro code   0x800'1cb4    0x28  DblToU32.o [3]
  .text              ro code   0x800'1cdc    0x1a  U32ToDbl.o [3]
  .text              ro code   0x800'1cf6     0x6  abort.o [2]
  .text              ro code   0x800'1cfc     0x2  I64DivZer.o [4]
  .text              ro code   0x800'1d00   0x16a  DblAdd.o [3]
  .text              ro code   0x800'1e6c    0x14  exit.o [5]
  .text              ro code   0x800'1e80   0x9ea  stm32f1xx_ll_usb.o [1]
  .text              ro code   0x800'286a   0x8fe  stm32f1xx_hal_pcd.o [1]
  .text              ro code   0x800'3168   0x2ae  usbd_conf.o [1]
  .text              ro code   0x800'3418   0x150  stm32f1xx_hal_cortex.o [1]
  .text              ro code   0x800'3568   0x33e  usbd_core.o [1]
  .text              ro code   0x800'38a8   0x36e  main.o [1]
  .text              ro code   0x800'3c16    0x40  stm32f1xx_hal_pcd_ex.o [1]
  .text              ro code   0x800'3c58    0x72  logging.o [1]
  .text              ro code   0x800'3ccc   0x7b8  usbd_ctlreq.o [1]
  .text              ro code   0x800'4484    0x9c  usbd_ioreq.o [1]
  .text              ro code   0x800'4520    0x24  stm32f1xx_hal.o [1]
  .text              ro code   0x800'4544    0x58  usb_device.o [1]
  .text              ro code   0x800'459c   0x2ec  mainApp.o [1]
  .text              ro code   0x800'4888   0x5e8  stm32f1xx_hal_rcc.o [1]
  .text              ro code   0x800'4e70   0x104  stm32f1xx_hal_rcc_ex.o [1]
  .text              ro code   0x800'4f74   0x6e8  stm32f1xx_hal_spi.o [1]
  .text              ro code   0x800'565c   0x23a  stm32f1xx_hal_gpio.o [1]
  .text              ro code   0x800'5898     0x6  ABImemclr4.o [4]
  .text              ro code   0x800'58a0   0x3d4  stm32f1xx_hal_tim.o [1]
  .text              ro code   0x800'5c74    0x4c  stm32f1xx_hal_tim_ex.o [1]
  .text              ro code   0x800'5cc0   0x1cc  SW_Timer.o [1]
  .text              ro code   0x800'5e8c    0x66  ABImemset.o [4]
  .text              ro code   0x800'5ef4    0x70  strncpy.o [4]
  .text              ro code   0x800'5f64    0x22  strcspn.o [2]
  .text              ro code   0x800'5f88    0x4c  stm32f1xx_hal.o [1]
  .text              ro code   0x800'5fd4    0xec  stm32f1xx_hal_msp.o [1]
  .text              ro code   0x800'60c0   0x3b6  usbd_cdc.o [1]
  .text              ro code   0x800'6478   0x500  Lora_transmission_HAL.o [1]
  .text              ro code   0x800'6978   0x4e4  Slave.o [1]
  .text              ro code   0x800'6e5c   0x4f0  Master.o [1]
  .text              ro code   0x800'734c    0x40  sprintf.o [2]
  .text              ro code   0x800'738c    0xcc  usbd_cdc_if.o [1]
  .text              ro code   0x800'7458   0x14c  iar_Stoulx.o [2]
  .text              ro code   0x800'75a4    0x28  stm32f1xx_hal.o [1]
  .text              ro code   0x800'75cc    0x28  strncmp.o [2]
  .text              ro code   0x800'75f4     0xc  stm32f1xx_hal.o [1]
  .text              ro code   0x800'7600    0x32  ABImemset48.o [4]
  .text              ro code   0x800'7632     0x2  stm32f1xx_hal_tim.o [1]
  .text              ro code   0x800'7634     0x2  stm32f1xx_hal_tim.o [1]
  .text              ro code   0x800'7636     0x2  stm32f1xx_hal_tim.o [1]
  .text              ro code   0x800'7638     0x2  stm32f1xx_hal_tim.o [1]
  .text              ro code   0x800'763a     0x2  stm32f1xx_hal_tim_ex.o [1]
  .text              ro code   0x800'763c     0x2  stm32f1xx_hal_tim.o [1]
  .text              ro code   0x800'763e     0x2  stm32f1xx_hal_tim_ex.o [1]
  .text              ro code   0x800'7640   0x134  spi.o [1]
  .text              ro code   0x800'7774    0x18  strcpy.o [4]
  .text              ro code   0x800'778c    0x12  strcmp.o [4]
  .text              ro code   0x800'779e    0x14  isspace.o [2]
  .text              ro code   0x800'77b2    0x14  tolower.o [2]
  .text              ro code   0x800'77c8   0x136  usbd_desc.o [1]
  .text              ro code   0x800'7900    0x58  system_stm32f1xx.o [1]
  .rodata            const     0x800'7958    0x50  iar_Stoulx.o [2]
  .text              ro code   0x800'79a8    0x44  stm32f1xx_it.o [1]
  .text              ro code   0x800'79ec    0x18  stm32f1xx_hal.o [1]
  .text              ro code   0x800'7a04    0x28  data_init.o [4]
  .rodata            const     0x800'7a2c    0x24  Master.o [1]
  .iar.init_table    const     0x800'7a50    0x20  - Linker created -
  .rodata            const     0x800'7a70    0x20  Slave.o [1]
  .text              ro code   0x800'7a90    0x1e  cmain.o [4]
  .text              ro code   0x800'7aae     0x4  low_level_init.o [2]
  .text              ro code   0x800'7ab2     0x4  exit.o [2]
  .text              ro code   0x800'7ab8     0xa  cexit.o [4]
  .rodata            const     0x800'7ac4    0x1c  Master.o [1]
  .rodata            const     0x800'7ae0    0x18  mainApp.o [1]
  .rodata            const     0x800'7af8    0x18  mainApp.o [1]
  .rodata            const     0x800'7b10    0x18  usbd_desc.o [1]
  .rodata            const     0x800'7b28    0x14  Master.o [1]
  .rodata            const     0x800'7b3c    0x14  Slave.o [1]
  .rodata            const     0x800'7b50    0x14  Slave.o [1]
  .rodata            const     0x800'7b64    0x14  usbd_desc.o [1]
  .rodata            const     0x800'7b78    0x10  mainApp.o [1]
  .rodata            const     0x800'7b88    0x10  Slave.o [1]
  .rodata            const     0x800'7b98    0x10  Slave.o [1]
  .rodata            const     0x800'7ba8    0x10  stm32f1xx_hal_rcc.o [1]
  .rodata            const     0x800'7bb8    0x10  system_stm32f1xx.o [1]
  .rodata            const     0x800'7bc8    0x10  usbd_desc.o [1]
  .text              ro code   0x800'7bd8    0x10  startup_stm32f103xb.o [1]
  .rodata            const     0x800'7be8     0xc  mainApp.o [1]
  .rodata            const     0x800'7bf4     0xc  usbd_desc.o [1]
  .text              ro code   0x800'7c00     0xc  cstartup_M.o [4]
  .rodata            const     0x800'7c0c     0x8  main.o [1]
  .rodata            const     0x800'7c14     0x8  mainApp.o [1]
  .rodata            const     0x800'7c1c     0x8  Master.o [1]
  .rodata            const     0x800'7c24     0x8  Master.o [1]
  .rodata            const     0x800'7c2c     0x8  Slave.o [1]
  .rodata            const     0x800'7c34     0x8  Slave.o [1]
  .rodata            const     0x800'7c3c     0x6  xlocale_c.o [2]
  .rodata            const     0x800'7c44     0x4  Lora_transmission_HAL.o [1]
  .rodata            const     0x800'7c48     0x4  main.o [1]
  .rodata            const     0x800'7c4c     0x4  main.o [1]
  .text              ro code   0x800'7c50     0x4  startup_stm32f103xb.o [1]
  .text              ro code   0x800'7c54     0x4  startup_stm32f103xb.o [1]
  .text              ro code   0x800'7c58     0x4  startup_stm32f103xb.o [1]
  .text              ro code   0x800'7c5c     0x4  startup_stm32f103xb.o [1]
  .text              ro code   0x800'7c60     0x4  startup_stm32f103xb.o [1]
  .text              ro code   0x800'7c64     0x4  startup_stm32f103xb.o [1]
  .text              ro code   0x800'7c68     0x4  startup_stm32f103xb.o [1]
  .text              ro code   0x800'7c6c     0x4  startup_stm32f103xb.o [1]
  .text              ro code   0x800'7c70     0x4  startup_stm32f103xb.o [1]
  .text              ro code   0x800'7c74     0x4  startup_stm32f103xb.o [1]
  .text              ro code   0x800'7c78     0x4  startup_stm32f103xb.o [1]
  .text              ro code   0x800'7c7c     0x4  startup_stm32f103xb.o [1]
  .text              ro code   0x800'7c80     0x4  startup_stm32f103xb.o [1]
  .text              ro code   0x800'7c84     0x4  startup_stm32f103xb.o [1]
  .text              ro code   0x800'7c88     0x4  startup_stm32f103xb.o [1]
  .text              ro code   0x800'7c8c     0x4  startup_stm32f103xb.o [1]
  .text              ro code   0x800'7c90     0x4  startup_stm32f103xb.o [1]
  .text              ro code   0x800'7c94     0x4  startup_stm32f103xb.o [1]
  .text              ro code   0x800'7c98     0x4  startup_stm32f103xb.o [1]
  .text              ro code   0x800'7c9c     0x4  startup_stm32f103xb.o [1]
  .text              ro code   0x800'7ca0     0x4  startup_stm32f103xb.o [1]
  .text              ro code   0x800'7ca4     0x4  startup_stm32f103xb.o [1]
  .text              ro code   0x800'7ca8     0x4  startup_stm32f103xb.o [1]
  .text              ro code   0x800'7cac     0x4  startup_stm32f103xb.o [1]
  .text              ro code   0x800'7cb0     0x4  startup_stm32f103xb.o [1]
  .text              ro code   0x800'7cb4     0x4  startup_stm32f103xb.o [1]
  .text              ro code   0x800'7cb8     0x4  startup_stm32f103xb.o [1]
  .text              ro code   0x800'7cbc     0x4  startup_stm32f103xb.o [1]
  .text              ro code   0x800'7cc0     0x4  startup_stm32f103xb.o [1]
  .text              ro code   0x800'7cc4     0x4  startup_stm32f103xb.o [1]
  .text              ro code   0x800'7cc8     0x4  startup_stm32f103xb.o [1]
  .text              ro code   0x800'7ccc     0x4  startup_stm32f103xb.o [1]
  .text              ro code   0x800'7cd0     0x4  startup_stm32f103xb.o [1]
  .text              ro code   0x800'7cd4     0x4  startup_stm32f103xb.o [1]
  .text              ro code   0x800'7cd8     0x4  startup_stm32f103xb.o [1]
  .text              ro code   0x800'7cdc     0x4  startup_stm32f103xb.o [1]
  .text              ro code   0x800'7ce0     0x4  startup_stm32f103xb.o [1]
  .text              ro code   0x800'7ce4     0x4  startup_stm32f103xb.o [1]
  .text              ro code   0x800'7ce8     0x4  startup_stm32f103xb.o [1]
  .text              ro code   0x800'7cec     0x4  startup_stm32f103xb.o [1]
  .rodata            const     0x800'7cf0     0x0  zero_init3.o [4]
  .rodata            const     0x800'7cf0     0x0  lz77_init_single.o [4]
  Initializer bytes  const     0x800'7cf0   0x11d  <for P2-1>
                             - 0x800'7e0d  0x7d21

"P2", part 1 of 3:                          0x20d
  P2-1                        0x2000'0000   0x20d  <Init block>
    .data            inited   0x2000'0000    0x14  Lora_transmission_HAL.o [1]
    .data            inited   0x2000'0014     0x4  stm32f1xx_hal.o [1]
    .data            inited   0x2000'0018     0x4  system_stm32f1xx.o [1]
    .data            inited   0x2000'001c     0xc  usbd_cdc.o [1]
    .data            inited   0x2000'0028    0x38  usbd_cdc.o [1]
    .data            inited   0x2000'0060    0x44  usbd_cdc.o [1]
    .data            inited   0x2000'00a4    0x44  usbd_cdc.o [1]
    .data            inited   0x2000'00e8    0x44  usbd_cdc.o [1]
    .data            inited   0x2000'012c    0x10  usbd_cdc_if.o [1]
    .data            inited   0x2000'013c    0x1c  usbd_desc.o [1]
    .data            inited   0x2000'0158    0x14  usbd_desc.o [1]
    .data            inited   0x2000'016c     0x4  usbd_desc.o [1]
    .data            inited   0x2000'0170    0x1c  usbd_desc.o [1]
    .data            inited   0x2000'018c    0x38  xlocale_c.o [2]
    .data            inited   0x2000'01c4    0x48  xlocale_c.o [2]
    .data            inited   0x2000'020c     0x1  stm32f1xx_hal.o [1]
                            - 0x2000'020d   0x20d

"P2", part 2 of 3:                         0x15f4
  .bss               zero     0x2000'0210   0x3e8  usbd_cdc_if.o [1]
  .bss               zero     0x2000'05f8   0x3e8  usbd_cdc_if.o [1]
  .bss               zero     0x2000'09e0   0x2c4  usb_device.o [1]
  .bss               zero     0x2000'0ca4   0x26c  usbd_conf.o [1]
  .bss               zero     0x2000'0f10   0x264  Master.o [1]
  .bss               zero     0x2000'1174   0x220  usbd_conf.o [1]
  .bss               zero     0x2000'1394   0x200  usbd_desc.o [1]
  .bss               zero     0x2000'1594    0x84  mainApp.o [1]
  .bss               zero     0x2000'1618    0x58  main.o [1]
  .bss               zero     0x2000'1670    0x40  main.o [1]
  .bss               zero     0x2000'16b0    0x3c  Lora_transmission_HAL.o [1]
  .bss               zero     0x2000'16ec    0x34  mainApp.o [1]
  .bss               zero     0x2000'1720    0x20  SW_Timer.o [1]
  .bss               zero     0x2000'1740    0x14  logging.o [1]
  .bss               zero     0x2000'1754    0x14  logging.o [1]
  .bss               zero     0x2000'1768    0x14  main.o [1]
  .bss               zero     0x2000'177c    0x14  mainApp.o [1]
  .bss               zero     0x2000'1790    0x14  mainApp.o [1]
  .bss               zero     0x2000'17a4    0x10  Slave.o [1]
  .bss               zero     0x2000'17b4     0xc  logging.o [1]
  .bss               zero     0x2000'17c0     0xc  Lora_transmission_HAL.o [1]
  .bss               zero     0x2000'17cc     0x8  logging.o [1]
  .bss               zero     0x2000'17d4     0x8  mainApp.o [1]
  .bss               zero     0x2000'17dc     0x4  Master.o [1]
  .bss               zero     0x2000'17e0     0x4  Master.o [1]
  .bss               zero     0x2000'17e4     0x4  Master.o [1]
  .bss               zero     0x2000'17e8     0x4  Master.o [1]
  .bss               zero     0x2000'17ec     0x4  Slave.o [1]
  .bss               zero     0x2000'17f0     0x4  Slave.o [1]
  .bss               zero     0x2000'17f4     0x4  stm32f1xx_hal.o [1]
  .bss               zero     0x2000'17f8     0x4  xfail_s.o [2]
  .bss               zero     0x2000'17fc     0x1  logging.o [1]
  .bss               zero     0x2000'17fd     0x1  mainApp.o [1]
  .bss               zero     0x2000'17fe     0x1  Master.o [1]
  .bss               zero     0x2000'17ff     0x1  usbd_cdc_if.o [1]
  .bss               zero     0x2000'1800     0x1  usbd_ctlreq.o [1]
                            - 0x2000'1801  0x15f1

"P2", part 3 of 3:                          0x400
  CSTACK                      0x2000'1808   0x400  <Block>
    CSTACK           uninit   0x2000'1808   0x400  <Block tail>
                            - 0x2000'1c08   0x400

Unused ranges:

         From           To      Size
         ----           --      ----
   0x800'7e0d   0x801'ffff  0x1'81f3
  0x2000'020d  0x2000'020f       0x3
  0x2000'1804  0x2000'1807       0x4
  0x2000'1c08  0x2000'4fff    0x33f8


*******************************************************************************
*** INIT TABLE
***

          Address      Size
          -------      ----
Zero (__iar_zero_init3)
    1 destination range, total size 0x15f1:
          0x2000'0210  0x15f1

Copy/lz77 (__iar_lz77_init_single3)
    1 source range, total size 0x11d (54% of destination):
           0x800'7cf0   0x11d
    1 destination range, total size 0x20d:
          0x2000'0000   0x20d



*******************************************************************************
*** MODULE SUMMARY
***

    Module                   ro code  ro data  rw data
    ------                   -------  -------  -------
command line/config:
    --------------------------------------------------
    Total:

D:\Lora_Backup\EWARM\IAR_RFIDIM\Obj: [1]
    Lora_transmission_HAL.o    1 280       14       92
    Master.o                   1 264      100      629
    SW_Timer.o                   460                32
    Slave.o                    1 252      120       24
    logging.o                    114                61
    main.o                       878       16      172
    mainApp.o                    748       84      233
    spi.o                        308
    startup_stm32f103xb.o        412
    stm32f1xx_hal.o              188        4        9
    stm32f1xx_hal_cortex.o       336
    stm32f1xx_hal_gpio.o         570
    stm32f1xx_hal_msp.o          236
    stm32f1xx_hal_pcd.o        2 302
    stm32f1xx_hal_pcd_ex.o        64
    stm32f1xx_hal_rcc.o        1 512       18
    stm32f1xx_hal_rcc_ex.o       260
    stm32f1xx_hal_spi.o        1 768
    stm32f1xx_hal_tim.o          990
    stm32f1xx_hal_tim_ex.o        80
    stm32f1xx_it.o                68
    stm32f1xx_ll_usb.o         2 538
    system_stm32f1xx.o            88       18        4
    usb_device.o                  88               708
    usbd_cdc.o                   950      147      272
    usbd_cdc_if.o                204        9    2 017
    usbd_conf.o                  686             1 164
    usbd_core.o                  830
    usbd_ctlreq.o              1 976                 1
    usbd_desc.o                  310      115      592
    usbd_ioreq.o                 156
    --------------------------------------------------
    Total:                    22 916      645    6 010

dl7M_tlf.a: [2]
    abort.o                        6
    exit.o                         4
    iar_Stoulx.o                 332       80
    isspace.o                     20
    low_level_init.o               4
    sprintf.o                     64
    strcspn.o                     34
    strncmp.o                     40
    tolower.o                     20
    xencoding_8859_1.o            30
    xfail_s.o                     64                 4
    xlocale_c.o                  164       76      128
    xmbcurmax.o                   10
    xprintffull.o              3 910
    xsprout.o                     10
    --------------------------------------------------
    Total:                     4 712      156      132

m7M_tl.a: [3]
    DblAdd.o                     362
    DblCmpGe.o                    46
    DblCmpLe.o                    46
    DblDiv.o                     582
    DblMul.o                     418
    DblSub.o                     226
    DblToS32.o                    58
    DblToU32.o                    40
    S32ToDbl.o                    34
    U32ToDbl.o                    26
    frexp.o                      112
    ldexp.o                      314
    --------------------------------------------------
    Total:                     2 264

rt7M_tl.a: [4]
    ABImemclr4.o                   6
    ABImemcpy.o                  166
    ABImemset.o                  102
    ABImemset48.o                 50
    I64DivMod.o                  560
    I64DivZer.o                    2
    cexit.o                       10
    cmain.o                       30
    cstartup_M.o                  12
    data_init.o                   40
    lz77_init_single.o           122
    memchr.o                      88
    strchr.o                      22
    strcmp.o                      18
    strcpy.o                      24
    strlen.o                      54
    strncpy.o                    112
    zero_init3.o                  58
    --------------------------------------------------
    Total:                     1 476

shb_l.a: [5]
    exit.o                        20
    --------------------------------------------------
    Total:                        20

    Gaps                          44        4
    Linker created                         32    1 024
------------------------------------------------------
    Grand Total:              31 432      837    7 166


*******************************************************************************
*** ENTRY LIST
***

Entry                       Address   Size  Type      Object
-----                       -------   ----  ----      ------
.iar.init_table$$Base    0x800'7a50          --   Gb  - Linker created -
.iar.init_table$$Limit   0x800'7a70          --   Gb  - Linker created -
?main                    0x800'7a91         Code  Gb  cmain.o [4]
AHBPrescTable            0x800'7bb8   0x10  Data  Gb  system_stm32f1xx.o [1]
BurstWrite               0x800'771b   0x50  Code  Gb  spi.o [1]
BusFault_Handler         0x800'79b9    0x2  Code  Gb  stm32f1xx_it.o [1]
CDC_Control_FS           0x800'73ab   0x3e  Code  Lc  usbd_cdc_if.o [1]
CDC_DeInit_FS            0x800'73a7    0x4  Code  Lc  usbd_cdc_if.o [1]
CDC_Init_FS              0x800'738d   0x1a  Code  Lc  usbd_cdc_if.o [1]
CDC_Receive_FS           0x800'73e9   0x30  Code  Lc  usbd_cdc_if.o [1]
CDC_Transmit_FS          0x800'7419   0x2c  Code  Gb  usbd_cdc_if.o [1]
CSTACK$$Base            0x2000'1808          --   Gb  - Linker created -
CSTACK$$Limit           0x2000'1c08          --   Gb  - Linker created -
CacheMore                0x800'10dd   0x24  Code  Lc  xlocale_c.o [2]
DebugMon_Handler         0x800'79bf    0x2  Code  Gb  stm32f1xx_it.o [1]
Delay_By_Id              0x800'6979   0x12  Code  Gb  Slave.o [1]
EXTI1_IRQHandler         0x800'79a9    0xa  Code  Gb  stm32f1xx_it.o [1]
Error_Handler            0x800'3c15    0x2  Code  Gb  main.o [1]
FS_Desc                 0x2000'013c   0x1c  Data  Gb  usbd_desc.o [1]
Get_SerialNum            0x800'7859   0x2c  Code  Lc  usbd_desc.o [1]
HAL_Delay                0x800'75a5   0x28  Code  Wk  stm32f1xx_hal.o [1]
HAL_GPIO_EXTI_IRQHandler
                         0x800'5833   0x1c  Code  Gb  stm32f1xx_hal_gpio.o [1]
HAL_GPIO_Init            0x800'565d  0x1b0  Code  Gb  stm32f1xx_hal_gpio.o [1]
HAL_GPIO_ReadPin         0x800'580d   0x12  Code  Gb  stm32f1xx_hal_gpio.o [1]
HAL_GPIO_WritePin        0x800'581f   0x14  Code  Gb  stm32f1xx_hal_gpio.o [1]
HAL_GetTick              0x800'75f5    0xc  Code  Wk  stm32f1xx_hal.o [1]
HAL_IncTick              0x800'79ed   0x18  Code  Wk  stm32f1xx_hal.o [1]
HAL_Init                 0x800'4521   0x20  Code  Gb  stm32f1xx_hal.o [1]
HAL_InitTick             0x800'5f89   0x4c  Code  Wk  stm32f1xx_hal.o [1]
HAL_MspInit              0x800'5fd5   0x3c  Code  Gb  stm32f1xx_hal_msp.o [1]
HAL_NVIC_EnableIRQ       0x800'3511    0xa  Code  Gb  stm32f1xx_hal_cortex.o [1]
HAL_NVIC_SetPriority     0x800'34ef   0x22  Code  Gb  stm32f1xx_hal_cortex.o [1]
HAL_NVIC_SetPriorityGrouping
                         0x800'34e7    0x8  Code  Gb  stm32f1xx_hal_cortex.o [1]
HAL_PCDEx_PMAConfig      0x800'3c17   0x40  Code  Gb  stm32f1xx_hal_pcd_ex.o [1]
HAL_PCDEx_SetConnectionState
                         0x800'33eb    0x2  Code  Gb  usbd_conf.o [1]
HAL_PCD_DataInStageCallback
                         0x800'31c3   0x18  Code  Gb  usbd_conf.o [1]
HAL_PCD_DataOutStageCallback
                         0x800'31a9   0x1a  Code  Gb  usbd_conf.o [1]
HAL_PCD_EP_Close         0x800'2c01   0x5e  Code  Gb  stm32f1xx_hal_pcd.o [1]
HAL_PCD_EP_ClrStall      0x800'2d6b   0x74  Code  Gb  stm32f1xx_hal_pcd.o [1]
HAL_PCD_EP_GetRxCount    0x800'2c9d   0x10  Code  Gb  stm32f1xx_hal_pcd.o [1]
HAL_PCD_EP_Open          0x800'2b83   0x7e  Code  Gb  stm32f1xx_hal_pcd.o [1]
HAL_PCD_EP_Receive       0x800'2c5f   0x3e  Code  Gb  stm32f1xx_hal_pcd.o [1]
HAL_PCD_EP_SetStall      0x800'2ce9   0x82  Code  Gb  stm32f1xx_hal_pcd.o [1]
HAL_PCD_EP_Transmit      0x800'2cad   0x3c  Code  Gb  stm32f1xx_hal_pcd.o [1]
HAL_PCD_IRQHandler       0x800'29fd  0x15a  Code  Gb  stm32f1xx_hal_pcd.o [1]
HAL_PCD_Init             0x800'286b  0x15e  Code  Gb  stm32f1xx_hal_pcd.o [1]
HAL_PCD_MspInit          0x800'3169   0x30  Code  Gb  usbd_conf.o [1]
HAL_PCD_ResetCallback    0x800'31e7   0x26  Code  Gb  usbd_conf.o [1]
HAL_PCD_ResumeCallback   0x800'322b    0xc  Code  Gb  usbd_conf.o [1]
HAL_PCD_SOFCallback      0x800'31db    0xc  Code  Gb  usbd_conf.o [1]
HAL_PCD_SetAddress       0x800'2b57   0x2c  Code  Gb  stm32f1xx_hal_pcd.o [1]
HAL_PCD_SetupStageCallback
                         0x800'3199   0x10  Code  Gb  usbd_conf.o [1]
HAL_PCD_Start            0x800'29c9   0x34  Code  Gb  stm32f1xx_hal_pcd.o [1]
HAL_PCD_SuspendCallback
                         0x800'320d   0x1e  Code  Gb  usbd_conf.o [1]
HAL_RCCEx_PeriphCLKConfig
                         0x800'4e71   0xee  Code  Gb  stm32f1xx_hal_rcc_ex.o [1]
HAL_RCC_ClockConfig      0x800'4c5b  0x146  Code  Gb  stm32f1xx_hal_rcc.o [1]
HAL_RCC_GetHCLKFreq      0x800'4e03    0x6  Code  Gb  stm32f1xx_hal_rcc.o [1]
HAL_RCC_GetSysClockFreq
                         0x800'4da1   0x62  Code  Gb  stm32f1xx_hal_rcc.o [1]
HAL_RCC_OscConfig        0x800'4889  0x3d2  Code  Gb  stm32f1xx_hal_rcc.o [1]
HAL_SPI_Init             0x800'4f75   0x8a  Code  Gb  stm32f1xx_hal_spi.o [1]
HAL_SPI_MspInit          0x800'6011   0x6a  Code  Gb  stm32f1xx_hal_msp.o [1]
HAL_SPI_Receive          0x800'519d  0x166  Code  Gb  stm32f1xx_hal_spi.o [1]
HAL_SPI_Transmit         0x800'4fff  0x19e  Code  Gb  stm32f1xx_hal_spi.o [1]
HAL_SPI_TransmitReceive
                         0x800'5303  0x21e  Code  Gb  stm32f1xx_hal_spi.o [1]
HAL_SYSTICK_CLKSourceConfig
                         0x800'3523   0x1c  Code  Gb  stm32f1xx_hal_cortex.o [1]
HAL_SYSTICK_Callback     0x800'3c79    0x8  Code  Gb  logging.o [1]
HAL_SYSTICK_Config       0x800'351b    0x8  Code  Gb  stm32f1xx_hal_cortex.o [1]
HAL_SYSTICK_IRQHandler   0x800'3561    0x8  Code  Gb  stm32f1xx_hal_cortex.o [1]
HAL_TIMEx_BreakCallback
                         0x800'763b    0x2  Code  Wk  stm32f1xx_hal_tim_ex.o [1]
HAL_TIMEx_CommutCallback
                         0x800'763f    0x2  Code  Wk  stm32f1xx_hal_tim_ex.o [1]
HAL_TIMEx_MasterConfigSynchronization
                         0x800'5c75   0x4c  Code  Gb  stm32f1xx_hal_tim_ex.o [1]
HAL_TIM_Base_Init        0x800'58a1   0x38  Code  Gb  stm32f1xx_hal_tim.o [1]
HAL_TIM_Base_MspInit     0x800'607b   0x30  Code  Gb  stm32f1xx_hal_msp.o [1]
HAL_TIM_Base_Start_IT    0x800'58d9   0x28  Code  Gb  stm32f1xx_hal_tim.o [1]
HAL_TIM_Base_Stop_IT     0x800'5901   0x34  Code  Gb  stm32f1xx_hal_tim.o [1]
HAL_TIM_ConfigClockSource
                         0x800'5aab   0xe8  Code  Gb  stm32f1xx_hal_tim.o [1]
HAL_TIM_IRQHandler       0x800'5935  0x176  Code  Gb  stm32f1xx_hal_tim.o [1]
HardFault_Handler        0x800'79b5    0x2  Code  Gb  stm32f1xx_it.o [1]
Indicate_Rx_Packet       0x800'657d   0x60  Code  Gb  Lora_transmission_HAL.o [1]
IntToUnicode             0x800'78b1   0x4e  Code  Lc  usbd_desc.o [1]
LoadInt                  0x800'02af   0x7a  Code  Lc  xprintffull.o [2]
Lora                    0x2000'17c0    0xc  Data  Gb  Lora_transmission_HAL.o [1]
LoraTime                0x2000'17b4    0xc  Data  Gb  logging.o [1]
Lora_1278_Init           0x800'6927   0x26  Code  Gb  Lora_transmission_HAL.o [1]
MX_GPIO_Init             0x800'39ad  0x16e  Code  Lc  main.o [1]
MX_RTC_Init              0x800'3b8f   0x4e  Code  Lc  main.o [1]
MX_SPI1_Init             0x800'3967   0x46  Code  Lc  main.o [1]
MX_TIM2_Init             0x800'3b1b   0x74  Code  Lc  main.o [1]
MX_USB_DEVICE_Init       0x800'4545   0x58  Code  Gb  usb_device.o [1]
Master_Receive_Data      0x800'721d   0xc4  Code  Gb  Master.o [1]
Master_Send_Data         0x800'7041   0x9a  Code  Gb  Master.o [1]
MemManage_Handler        0x800'79b7    0x2  Code  Gb  stm32f1xx_it.o [1]
NMI_Handler              0x800'79b3    0x2  Code  Gb  stm32f1xx_it.o [1]
NVIC_EncodePriority      0x800'347d   0x3c  Code  Lc  stm32f1xx_hal_cortex.o [1]
PCD_EP_ISR_Handler       0x800'2ddf  0x38a  Code  Lc  stm32f1xx_hal_pcd.o [1]
PendSV_Handler           0x800'79c1    0x2  Code  Gb  stm32f1xx_it.o [1]
RCC_Delay                0x800'4e09   0x24  Code  Lc  stm32f1xx_hal_rcc.o [1]
Read_Rx_Packet           0x800'65dd  0x19e  Code  Gb  Lora_transmission_HAL.o [1]
Receive_Data             0x800'70f7   0xb8  Code  Gb  Master.o [1]
Receive_Data_Delay       0x800'71bd   0x52  Code  Gb  Master.o [1]
Region$$Table$$Base      0x800'7a50          --   Gb  - Linker created -
Region$$Table$$Limit     0x800'7a70          --   Gb  - Linker created -
RxData                  0x2000'16b0   0x3c  Data  Gb  Lora_transmission_HAL.o [1]
SPIBurstRead             0x800'76cf   0x4c  Code  Gb  spi.o [1]
SPICmd8bit               0x800'7641   0x1a  Code  Gb  spi.o [1]
SPIRead                  0x800'767f   0x1e  Code  Gb  spi.o [1]
SPIRead8bit              0x800'765b   0x24  Code  Gb  spi.o [1]
SPIWrite                 0x800'769d   0x32  Code  Gb  spi.o [1]
SPI_EndRxTransaction     0x800'55c1   0x76  Code  Lc  stm32f1xx_hal_spi.o [1]
SPI_EndRxTxTransaction   0x800'5637   0x26  Code  Lc  stm32f1xx_hal_spi.o [1]
SPI_WaitFlagStateUntilTimeout
                         0x800'5521   0xa0  Code  Lc  stm32f1xx_hal_spi.o [1]
SVC_Handler              0x800'79bd    0x2  Code  Gb  stm32f1xx_it.o [1]
SWTimer                 0x2000'1720   0x20  Data  Gb  SW_Timer.o [1]
SW_TIMER_CLEAR           0x800'5cc1   0x56  Code  Gb  SW_Timer.o [1]
SW_TIMER_CREATE_FunCallBack
                         0x800'5d17   0x4a  Code  Gb  SW_Timer.o [1]
SW_TIMER_ISR             0x800'5da5   0xb4  Code  Gb  SW_Timer.o [1]
SW_TIMER_START           0x800'5d61   0x44  Code  Gb  SW_Timer.o [1]
SX1278_Frequency         0x800'7c44    0x4  Data  Lc  Lora_transmission_HAL.o [1]
Send_Broadcast_Data      0x800'6e5d   0xee  Code  Gb  Master.o [1]
Send_Tx_Packet           0x800'67df   0x48  Code  Gb  Lora_transmission_HAL.o [1]
Send_Unicast_Data        0x800'6f4b   0xee  Code  Gb  Master.o [1]
Set_Delay_Done           0x800'6bbd   0x18  Code  Gb  Slave.o [1]
Slave_Receive_Broadcast
                         0x800'6aa1   0x54  Code  Gb  Slave.o [1]
Slave_Receive_Data       0x800'6bd9  0x222  Code  Gb  Slave.o [1]
Slave_Receive_Delay      0x800'6af5   0x36  Code  Gb  Slave.o [1]
Slave_Receive_Unicast    0x800'6a4b   0x56  Code  Gb  Slave.o [1]
Slave_Send_Response      0x800'698b   0xc0  Code  Gb  Slave.o [1]
Slave_Set_Delay          0x800'6b2b   0x92  Code  Gb  Slave.o [1]
Start_Timer              0x800'70e5   0x12  Code  Gb  Master.o [1]
Switch_To_Rx             0x800'64c1   0x74  Code  Gb  Lora_transmission_HAL.o [1]
Switch_To_Tx             0x800'677b   0x64  Code  Gb  Lora_transmission_HAL.o [1]
SysTick_Config           0x800'34b9   0x2e  Code  Lc  stm32f1xx_hal_cortex.o [1]
SysTick_Handler          0x800'79c3    0xc  Code  Gb  stm32f1xx_it.o [1]
SystemClock_Config       0x800'38cd   0x9a  Code  Gb  main.o [1]
SystemCoreClock         0x2000'0018    0x4  Data  Gb  system_stm32f1xx.o [1]
SystemInit               0x800'7901   0x3e  Code  Gb  system_stm32f1xx.o [1]
TIM2_IRQHandler          0x800'79d9    0xa  Code  Gb  stm32f1xx_it.o [1]
TIME_OUT                0x2000'17e4    0x4  Data  Gb  Master.o [1]
TIM_Base_SetConfig       0x800'5b93   0x64  Code  Gb  stm32f1xx_hal_tim.o [1]
TIM_ETR_SetConfig        0x800'5c5f   0x16  Code  Gb  stm32f1xx_hal_tim.o [1]
TIM_ITRx_SetConfig       0x800'5c4f   0x10  Code  Lc  stm32f1xx_hal_tim.o [1]
TIM_TI1_ConfigInputStage
                         0x800'5c05   0x24  Code  Lc  stm32f1xx_hal_tim.o [1]
TIM_TI2_ConfigInputStage
                         0x800'5c29   0x26  Code  Lc  stm32f1xx_hal_tim.o [1]
Tx_Packet_u             0x2000'16ec   0x34  Data  Gb  mainApp.o [1]
USBD_CDC                0x2000'0028   0x38  Data  Gb  usbd_cdc.o [1]
USBD_CDC_CfgFSDesc      0x2000'00a4   0x44  Data  Gb  usbd_cdc.o [1]
USBD_CDC_CfgHSDesc      0x2000'0060   0x44  Data  Gb  usbd_cdc.o [1]
USBD_CDC_DataIn          0x800'62c9   0x6c  Code  Lc  usbd_cdc.o [1]
USBD_CDC_DataOut         0x800'6335   0x34  Code  Lc  usbd_cdc.o [1]
USBD_CDC_DeInit          0x800'6183   0x50  Code  Lc  usbd_cdc.o [1]
USBD_CDC_DeviceQualifierDesc
                        0x2000'001c    0xc  Data  Lc  usbd_cdc.o [1]
USBD_CDC_EP0_RxReady     0x800'6369   0x36  Code  Lc  usbd_cdc.o [1]
USBD_CDC_GetDeviceQualifierDescriptor
                         0x800'63b7    0x8  Code  Gb  usbd_cdc.o [1]
USBD_CDC_GetFSCfgDesc    0x800'639f    0x8  Code  Lc  usbd_cdc.o [1]
USBD_CDC_GetHSCfgDesc    0x800'63a7    0x8  Code  Lc  usbd_cdc.o [1]
USBD_CDC_GetOtherSpeedCfgDesc
                         0x800'63af    0x8  Code  Lc  usbd_cdc.o [1]
USBD_CDC_Init            0x800'60c1   0xc2  Code  Lc  usbd_cdc.o [1]
USBD_CDC_OtherSpeedCfgDesc
                        0x2000'00e8   0x44  Data  Gb  usbd_cdc.o [1]
USBD_CDC_ReceivePacket   0x800'643f   0x38  Code  Gb  usbd_cdc.o [1]
USBD_CDC_RegisterInterface
                         0x800'63d1   0x12  Code  Gb  usbd_cdc.o [1]
USBD_CDC_SetRxBuffer     0x800'63f5    0xc  Code  Gb  usbd_cdc.o [1]
USBD_CDC_SetTxBuffer     0x800'63e3   0x12  Code  Gb  usbd_cdc.o [1]
USBD_CDC_Setup           0x800'61d3   0xf6  Code  Lc  usbd_cdc.o [1]
USBD_CDC_TransmitPacket
                         0x800'6401   0x3e  Code  Gb  usbd_cdc.o [1]
USBD_ClrClassConfig      0x800'35dd   0x10  Code  Gb  usbd_core.o [1]
USBD_ClrFeature          0x800'43c1   0x24  Code  Lc  usbd_ctlreq.o [1]
USBD_CtlContinueRx       0x800'44e3   0x12  Code  Gb  usbd_ioreq.o [1]
USBD_CtlContinueSendData
                         0x800'44a9   0x12  Code  Gb  usbd_ioreq.o [1]
USBD_CtlError            0x800'440d   0x16  Code  Gb  usbd_ctlreq.o [1]
USBD_CtlPrepareRx        0x800'44bb   0x28  Code  Gb  usbd_ioreq.o [1]
USBD_CtlReceiveStatus    0x800'450b   0x16  Code  Gb  usbd_ioreq.o [1]
USBD_CtlSendData         0x800'4485   0x24  Code  Gb  usbd_ioreq.o [1]
USBD_CtlSendStatus       0x800'44f5   0x16  Code  Gb  usbd_ioreq.o [1]
USBD_FS_ConfigStrDescriptor
                         0x800'7819   0x20  Code  Gb  usbd_desc.o [1]
USBD_FS_DeviceDesc      0x2000'0158   0x14  Data  Gb  usbd_desc.o [1]
USBD_FS_DeviceDescriptor
                         0x800'77c9    0x8  Code  Gb  usbd_desc.o [1]
USBD_FS_InterfaceStrDescriptor
                         0x800'7839   0x20  Code  Gb  usbd_desc.o [1]
USBD_FS_LangIDStrDescriptor
                         0x800'77d1    0x8  Code  Gb  usbd_desc.o [1]
USBD_FS_ManufacturerStrDescriptor
                         0x800'77f9   0x12  Code  Gb  usbd_desc.o [1]
USBD_FS_ProductStrDescriptor
                         0x800'77d9   0x20  Code  Gb  usbd_desc.o [1]
USBD_FS_SerialStrDescriptor
                         0x800'780b    0xe  Code  Gb  usbd_desc.o [1]
USBD_GetConfig           0x800'4331   0x3e  Code  Lc  usbd_ctlreq.o [1]
USBD_GetDescriptor       0x800'3fff  0x200  Code  Lc  usbd_ctlreq.o [1]
USBD_GetLen              0x800'4471   0x14  Code  Lc  usbd_ctlreq.o [1]
USBD_GetStatus           0x800'436f   0x3e  Code  Lc  usbd_ctlreq.o [1]
USBD_GetString           0x800'4423   0x4e  Code  Gb  usbd_ctlreq.o [1]
USBD_Get_USB_Status      0x800'33ed   0x2a  Code  Lc  usbd_conf.o [1]
USBD_Init                0x800'3569   0x30  Code  Gb  usbd_core.o [1]
USBD_Interface_fops_FS  0x2000'012c   0x10  Data  Gb  usbd_cdc_if.o [1]
USBD_LL_ClearStallEP     0x800'3327   0x1a  Code  Gb  usbd_conf.o [1]
USBD_LL_CloseEP          0x800'32f3   0x1a  Code  Gb  usbd_conf.o [1]
USBD_LL_DataInStage      0x800'36f7  0x104  Code  Gb  usbd_core.o [1]
USBD_LL_DataOutStage     0x800'3651   0xa6  Code  Gb  usbd_core.o [1]
USBD_LL_GetRxDataSize    0x800'33bf    0xe  Code  Gb  usbd_conf.o [1]
USBD_LL_Init             0x800'3237   0x80  Code  Gb  usbd_conf.o [1]
USBD_LL_IsStallEP        0x800'3341   0x2c  Code  Gb  usbd_conf.o [1]
USBD_LL_OpenEP           0x800'32cf   0x24  Code  Gb  usbd_conf.o [1]
USBD_LL_PrepareReceive   0x800'33a3   0x1c  Code  Gb  usbd_conf.o [1]
USBD_LL_Reset            0x800'37fb   0x60  Code  Gb  usbd_core.o [1]
USBD_LL_Resume           0x800'3873   0x14  Code  Gb  usbd_core.o [1]
USBD_LL_SOF              0x800'3887   0x20  Code  Gb  usbd_core.o [1]
USBD_LL_SetSpeed         0x800'385b    0x6  Code  Gb  usbd_core.o [1]
USBD_LL_SetUSBAddress    0x800'336d   0x1a  Code  Gb  usbd_conf.o [1]
USBD_LL_SetupStage       0x800'35ed   0x64  Code  Gb  usbd_core.o [1]
USBD_LL_StallEP          0x800'330d   0x1a  Code  Gb  usbd_conf.o [1]
USBD_LL_Start            0x800'32b7   0x18  Code  Gb  usbd_conf.o [1]
USBD_LL_Suspend          0x800'3861   0x12  Code  Gb  usbd_core.o [1]
USBD_LL_Transmit         0x800'3387   0x1c  Code  Gb  usbd_conf.o [1]
USBD_LangIDDesc         0x2000'016c    0x4  Data  Gb  usbd_desc.o [1]
USBD_ParseSetupRequest   0x800'43e5   0x28  Code  Gb  usbd_ctlreq.o [1]
USBD_RegisterClass       0x800'3599   0x14  Code  Gb  usbd_core.o [1]
USBD_RunTestMode         0x800'35b7    0x4  Code  Gb  usbd_core.o [1]
USBD_SetAddress          0x800'41ff   0x5e  Code  Lc  usbd_ctlreq.o [1]
USBD_SetClassConfig      0x800'35bb   0x22  Code  Gb  usbd_core.o [1]
USBD_SetConfig           0x800'425d   0xce  Code  Lc  usbd_ctlreq.o [1]
USBD_SetConfig::cfgidx  0x2000'1800    0x1  Data  Lc  usbd_ctlreq.o [1]
USBD_SetFeature          0x800'43ad   0x14  Code  Lc  usbd_ctlreq.o [1]
USBD_Start               0x800'35ad    0xa  Code  Gb  usbd_core.o [1]
USBD_StdDevReq           0x800'3ccd   0x7a  Code  Gb  usbd_ctlreq.o [1]
USBD_StdEPReq            0x800'3db3  0x24c  Code  Gb  usbd_ctlreq.o [1]
USBD_StdItfReq           0x800'3d47   0x6c  Code  Gb  usbd_ctlreq.o [1]
USBD_StrDesc            0x2000'1394  0x200  Data  Gb  usbd_desc.o [1]
USBD_StringSerial       0x2000'0170   0x1c  Data  Gb  usbd_desc.o [1]
USBD_static_free         0x800'33e9    0x2  Code  Gb  usbd_conf.o [1]
USBD_static_malloc       0x800'33cd    0x4  Code  Gb  usbd_conf.o [1]
USBD_static_malloc::mem
                        0x2000'1174  0x220  Data  Lc  usbd_conf.o [1]
USB_ActivateEndpoint     0x800'1ed9  0x318  Code  Gb  stm32f1xx_ll_usb.o [1]
USB_CoreInit             0x800'1e81    0x8  Code  Gb  stm32f1xx_ll_usb.o [1]
USB_DeactivateEndpoint   0x800'21f1  0x1b8  Code  Gb  stm32f1xx_ll_usb.o [1]
USB_DevConnect           0x800'27f1    0x4  Code  Gb  stm32f1xx_ll_usb.o [1]
USB_DevDisconnect        0x800'27f5    0x4  Code  Gb  stm32f1xx_ll_usb.o [1]
USB_DevInit              0x800'1eb3   0x26  Code  Gb  stm32f1xx_ll_usb.o [1]
USB_DisableGlobalInt     0x800'1e9b   0x14  Code  Gb  stm32f1xx_ll_usb.o [1]
USB_EP0_OutStart         0x800'27ff    0x4  Code  Gb  stm32f1xx_ll_usb.o [1]
USB_EPClearStall         0x800'2741   0xa0  Code  Gb  stm32f1xx_ll_usb.o [1]
USB_EPSetStall           0x800'26f9   0x48  Code  Gb  stm32f1xx_ll_usb.o [1]
USB_EPStartXfer          0x800'23a9  0x350  Code  Gb  stm32f1xx_ll_usb.o [1]
USB_EnableGlobalInt      0x800'1e89   0x12  Code  Gb  stm32f1xx_ll_usb.o [1]
USB_LP_CAN1_RX0_IRQHandler
                         0x800'79cf    0xa  Code  Gb  stm32f1xx_it.o [1]
USB_ReadInterrupts       0x800'27f9    0x6  Code  Gb  stm32f1xx_ll_usb.o [1]
USB_ReadPMA              0x800'2835   0x36  Code  Gb  stm32f1xx_ll_usb.o [1]
USB_SetCurrentMode       0x800'1eaf    0x4  Code  Gb  stm32f1xx_ll_usb.o [1]
USB_SetDevAddress        0x800'27e1   0x10  Code  Gb  stm32f1xx_ll_usb.o [1]
USB_WritePMA             0x800'2803   0x32  Code  Gb  stm32f1xx_ll_usb.o [1]
UsageFault_Handler       0x800'79bb    0x2  Code  Gb  stm32f1xx_it.o [1]
UserRxBufferFS          0x2000'0210  0x3e8  Data  Gb  usbd_cdc_if.o [1]
UserTxBufferFS          0x2000'05f8  0x3e8  Data  Gb  usbd_cdc_if.o [1]
Wait_Tx_Done             0x800'6827   0x20  Code  Gb  Lora_transmission_HAL.o [1]
_Encoding_8859_1_Mbrlen
                         0x800'1229    0x2  Code  Gb  xencoding_8859_1.o [2]
_Encoding_8859_1_Wctomb
                         0x800'1217   0x12  Code  Gb  xencoding_8859_1.o [2]
_GenldFull               0x800'0d0d  0x274  Code  Lc  xprintffull.o [2]
_LdtobFull               0x800'0909  0x3d6  Code  Lc  xprintffull.o [2]
_LitobFull               0x800'07b9  0x10a  Code  Lc  xprintffull.o [2]
_LocaleC_isspace         0x800'10b9   0x14  Code  Gb  xlocale_c.o [2]
_LocaleC_isupper         0x800'10ad    0x2  Code  Gb  xlocale_c.o [2]
_LocaleC_tolower         0x800'10cd    0xc  Code  Gb  xlocale_c.o [2]
_Locale_lconv           0x2000'018c   0x38  Data  Lc  xlocale_c.o [2]
_PrintfFull              0x800'00ed  0x1aa  Code  Gb  xprintffull.o [2]
_PutcharsFull            0x800'0f81   0x2e  Code  Lc  xprintffull.o [2]
_PutfldFull              0x800'0329  0x2d4  Code  Lc  xprintffull.o [2]
_PutstrFull              0x800'06f3   0xc6  Code  Lc  xprintffull.o [2]
_PuttxtFull              0x800'05fd   0xf6  Code  Lc  xprintffull.o [2]
_SProut                  0x800'1297    0xa  Code  Gb  xsprout.o [2]
__NVIC_EnableIRQ         0x800'343d   0x1c  Code  Lc  stm32f1xx_hal_cortex.o [1]
__NVIC_GetPriorityGrouping
                         0x800'3433    0xa  Code  Lc  stm32f1xx_hal_cortex.o [1]
__NVIC_SetPriority       0x800'3459   0x24  Code  Lc  stm32f1xx_hal_cortex.o [1]
__NVIC_SetPriorityGrouping
                         0x800'3419   0x1a  Code  Lc  stm32f1xx_hal_cortex.o [1]
__aeabi_cdcmple          0x800'178d         Code  Gb  DblCmpLe.o [3]
__aeabi_cdrcmple         0x800'17bd         Code  Gb  DblCmpGe.o [3]
__aeabi_d2iz             0x800'1929         Code  Gb  DblToS32.o [3]
__aeabi_d2uiz            0x800'1cb5         Code  Gb  DblToU32.o [3]
__aeabi_ddiv             0x800'1a6d         Code  Gb  DblDiv.o [3]
__aeabi_dmul             0x800'1579         Code  Gb  DblMul.o [3]
__aeabi_dsub             0x800'1989         Code  Gb  DblSub.o [3]
__aeabi_i2d              0x800'1965         Code  Gb  S32ToDbl.o [3]
__aeabi_ldiv0            0x800'1cfd         Code  Gb  I64DivZer.o [4]
__aeabi_memclr4          0x800'5899         Code  Gb  ABImemclr4.o [4]
__aeabi_memcpy           0x800'12a1         Code  Gb  ABImemcpy.o [4]
__aeabi_memcpy4          0x800'12c1         Code  Gb  ABImemcpy.o [4]
__aeabi_memcpy8          0x800'12c1         Code  Gb  ABImemcpy.o [4]
__aeabi_memset           0x800'5e8d         Code  Gb  ABImemset.o [4]
__aeabi_ui2d             0x800'1cdd         Code  Gb  U32ToDbl.o [3]
__aeabi_uldivmod         0x800'1349         Code  Gb  I64DivMod.o [4]
__cmain                  0x800'7a91         Code  Gb  cmain.o [4]
__exit                   0x800'1e6d   0x14  Code  Gb  exit.o [5]
__iar_Fail_s             0x800'11a1   0x1c  Code  Gb  xfail_s.o [2]
__iar_Mbcurmax           0x800'128d    0xa  Code  Gb  xmbcurmax.o [2]
__iar_Memchr             0x800'1235         Code  Gb  memchr.o [4]
__iar_Memset             0x800'5e8d         Code  Gb  ABImemset.o [4]
__iar_Memset4_word       0x800'7601         Code  Gb  ABImemset48.o [4]
__iar_Memset8_word       0x800'7601         Code  Gb  ABImemset48.o [4]
__iar_Memset_word        0x800'5e95         Code  Gb  ABImemset.o [4]
__iar_Stoulx             0x800'7459  0x13a  Code  Gb  iar_Stoulx.o [2]
__iar_Strchr             0x800'1151         Code  Gb  strchr.o [4]
__iar_dadd               0x800'1999         Code  Gb  DblSub.o [3]
__iar_data_init3         0x800'7a05   0x28  Code  Gb  data_init.o [4]
__iar_dsub               0x800'1d01         Code  Gb  DblAdd.o [3]
__iar_dsubStart          0x800'1d13         Code  Gb  DblAdd.o [3]
__iar_frexp              0x800'1729         Code  Gb  frexp.o [3]
__iar_frexp64            0x800'171d         Code  Gb  frexp.o [3]
__iar_frexpl             0x800'1729         Code  Gb  frexp.o [3]
__iar_globLocale        0x2000'01c4   0x48  Data  Lc  xlocale_c.o [2]
__iar_global_Locale      0x800'10d9    0x4  Code  Gb  xlocale_c.o [2]
__iar_ldexp64            0x800'17ed         Code  Gb  ldexp.o [3]
__iar_lz77_init_single3
                         0x800'1033   0x7a  Code  Gb  lz77_init_single.o [4]
__iar_program_start      0x800'7c01         Code  Gb  cstartup_M.o [4]
__iar_scalbln64          0x800'17ed         Code  Gb  ldexp.o [3]
__iar_scalbn64           0x800'17ed         Code  Gb  ldexp.o [3]
__iar_zero_init3         0x800'1167   0x3a  Code  Gb  zero_init3.o [4]
__low_level_init         0x800'7aaf    0x4  Code  Gb  low_level_init.o [2]
__vector_table           0x800'0000         Data  Gb  startup_stm32f103xb.o [1]
_call_main               0x800'7a9d         Code  Gb  cmain.o [4]
_exit                    0x800'7ab9         Code  Gb  cexit.o [4]
_gLocale_mblen           0x800'113d    0x4  Code  Gb  xlocale_c.o [2]
_gLocale_mblenInt        0x800'1101   0x2c  Code  Gb  xlocale_c.o [2]
_gLocale_wctomb          0x800'1141    0x4  Code  Gb  xlocale_c.o [2]
_gLocale_wctombInt       0x800'1139    0x4  Code  Gb  xlocale_c.o [2]
_index                  0x2000'17ff    0x1  Data  Gb  usbd_cdc_if.o [1]
_main                    0x800'7aab         Code  Gb  cmain.o [4]
abort                    0x800'1cf7    0x6  Code  Gb  abort.o [2]
atoi                     0x800'7599    0x2  Code  Gb  iar_Stoulx.o [2]
callback_function       0x2000'17e8    0x4  Data  Gb  Master.o [1]
count_success           0x2000'17dc    0x4  Data  Gb  Master.o [1]
count_total             0x2000'17e0    0x4  Data  Gb  Master.o [1]
d_count                 0x2000'17f0    0x4  Data  Gb  Slave.o [1]
delay_position          0x2000'17fe    0x1  Data  Gb  Master.o [1]
destination             0x2000'1754   0x14  Data  Gb  logging.o [1]
digits                   0x800'7980   0x28  Data  Lc  iar_Stoulx.o [2]
exit                     0x800'7ab3    0x4  Code  Gb  exit.o [2]
free_ptr                0x2000'17fd    0x1  Data  Gb  mainApp.o [1]
frexp                    0x800'171d         Code  Gb  frexp.o [3]
frexpl                   0x800'171d         Code  Gb  frexp.o [3]
fun1                     0x800'5e59   0x20  Code  Gb  SW_Timer.o [1]
fun2                     0x800'5e79    0x8  Code  Gb  SW_Timer.o [1]
hUsbDeviceFS            0x2000'09e0  0x2c4  Data  Gb  usb_device.o [1]
hpcd_USB_FS             0x2000'0ca4  0x26c  Data  Gb  usbd_conf.o [1]
hrtc                    0x2000'1768   0x14  Data  Gb  main.o [1]
hspi1                   0x2000'1618   0x58  Data  Gb  main.o [1]
htim2                   0x2000'1670   0x40  Data  Gb  main.o [1]
indexOf                  0x800'3cc1    0xa  Code  Gb  logging.o [1]
isspace                  0x800'779f   0x14  Code  Gb  isspace.o [2]
ldexp                    0x800'17ed         Code  Gb  ldexp.o [3]
ldexpl                   0x800'17ed         Code  Gb  ldexp.o [3]
localeconv               0x800'1145    0x4  Code  Gb  xlocale_c.o [2]
main                     0x800'38a9   0x24  Code  Gb  main.o [1]
mainApp                  0x800'459d  0x2ec  Code  Gb  mainApp.o [1]
memchr                   0x800'1235         Code  Gb  memchr.o [4]
myLoraMaster            0x2000'0f10  0x264  Data  Gb  Master.o [1]
myLoraMode              0x2000'1594   0x84  Data  Gb  mainApp.o [1]
myLoraPtr               0x2000'17fc    0x1  Data  Gb  logging.o [1]
myLoraSlave             0x2000'17a4   0x10  Data  Gb  Slave.o [1]
myTxPacket              0x2000'1740   0x14  Data  Gb  logging.o [1]
ndigs                    0x800'7958   0x28  Data  Lc  iar_Stoulx.o [2]
received_USB            0x2000'17cc    0x8  Data  Gb  logging.o [1]
scalbln                  0x800'17ed         Code  Gb  ldexp.o [3]
scalblnl                 0x800'17ed         Code  Gb  ldexp.o [3]
scalbn                   0x800'17ed         Code  Gb  ldexp.o [3]
scalbnl                  0x800'17ed         Code  Gb  ldexp.o [3]
scale                    0x800'08c3   0x46  Code  Lc  xprintffull.o [2]
sec_hand                0x2000'17f8    0x4  Data  Lc  xfail_s.o [2]
sprintf                  0x800'734d   0x40  Code  Gb  sprintf.o [2]
store_id                0x2000'17d4    0x8  Data  Gb  mainApp.o [1]
store_packet            0x2000'177c   0x14  Data  Gb  mainApp.o [1]
strchr                   0x800'1151         Code  Gb  strchr.o [4]
strcmp                   0x800'778d         Code  Gb  strcmp.o [4]
strcpy                   0x800'7775         Code  Gb  strcpy.o [4]
strcspn                  0x800'5f65   0x22  Code  Gb  strcspn.o [2]
strlen                   0x800'11e1         Code  Gb  strlen.o [4]
strncmp                  0x800'75cd   0x28  Code  Gb  strncmp.o [2]
strncpy                  0x800'5ef5         Code  Gb  strncpy.o [4]
substring                0x800'3c81   0x36  Code  Gb  logging.o [1]
sx1276_7_8Data          0x2000'0000   0x14  Data  Gb  Lora_transmission_HAL.o [1]
sx1276_7_8_Config_Init   0x800'6847   0xe0  Code  Gb  Lora_transmission_HAL.o [1]
sx1276_7_8_EntryLoRa     0x800'64a9    0xc  Code  Gb  Lora_transmission_HAL.o [1]
sx1276_7_8_LoRaClearIrq
                         0x800'64b5    0xc  Code  Gb  Lora_transmission_HAL.o [1]
sx1276_7_8_LoRaReadRSSI
                         0x800'6535   0x48  Code  Gb  Lora_transmission_HAL.o [1]
sx1276_7_8_Reset         0x800'6479   0x24  Code  Gb  Lora_transmission_HAL.o [1]
sx1276_7_8_Sleep         0x800'649d    0xc  Code  Gb  Lora_transmission_HAL.o [1]
t_count                 0x2000'17ec    0x4  Data  Gb  Slave.o [1]
timer_measure_start      0x800'3c59    0xa  Code  Gb  logging.o [1]
timer_measure_stop       0x800'3c63   0x16  Code  Gb  logging.o [1]
tolower                  0x800'77b3   0x14  Code  Gb  tolower.o [2]
tx_u                    0x2000'1790   0x14  Data  Gb  mainApp.o [1]
uwTick                  0x2000'17f4    0x4  Data  Gb  stm32f1xx_hal.o [1]
uwTickFreq              0x2000'020c    0x1  Data  Gb  stm32f1xx_hal.o [1]
uwTickPrio              0x2000'0014    0x4  Data  Gb  stm32f1xx_hal.o [1]


[1] = D:\Lora_Backup\EWARM\IAR_RFIDIM\Obj
[2] = dl7M_tlf.a
[3] = m7M_tl.a
[4] = rt7M_tl.a
[5] = shb_l.a

  31 432 bytes of readonly  code memory
     837 bytes of readonly  data memory
   7 166 bytes of readwrite data memory

Errors: none
Warnings: none
