###############################################################################
#
# IAR ELF Linker V8.32.1.169/W32 for ARM                  14/Dec/2019  01:02:02
# Copyright 2007-2018 IAR Systems AB.
#
#    Output file  =  D:\LoraFastest\EWARM\IAR_RFIDIM\Exe\IAR_RFIDIM.out
#    Map file     =  D:\LoraFastest\EWARM\IAR_RFIDIM\List\IAR_RFIDIM.map
#    Command line =  
#        -f C:\Users\15122\AppData\Local\Temp\EWBAA8.tmp
#        (D:\LoraFastest\EWARM\IAR_RFIDIM\Obj\logging.o
#        D:\LoraFastest\EWARM\IAR_RFIDIM\Obj\Lora_transmission_HAL.o
#        D:\LoraFastest\EWARM\IAR_RFIDIM\Obj\main.o
#        D:\LoraFastest\EWARM\IAR_RFIDIM\Obj\mainApp.o
#        D:\LoraFastest\EWARM\IAR_RFIDIM\Obj\Master.o
#        D:\LoraFastest\EWARM\IAR_RFIDIM\Obj\Slave.o
#        D:\LoraFastest\EWARM\IAR_RFIDIM\Obj\spi.o
#        D:\LoraFastest\EWARM\IAR_RFIDIM\Obj\startup_stm32f103xb.o
#        D:\LoraFastest\EWARM\IAR_RFIDIM\Obj\stm32f1xx_hal.o
#        D:\LoraFastest\EWARM\IAR_RFIDIM\Obj\stm32f1xx_hal_cortex.o
#        D:\LoraFastest\EWARM\IAR_RFIDIM\Obj\stm32f1xx_hal_dma.o
#        D:\LoraFastest\EWARM\IAR_RFIDIM\Obj\stm32f1xx_hal_exti.o
#        D:\LoraFastest\EWARM\IAR_RFIDIM\Obj\stm32f1xx_hal_flash.o
#        D:\LoraFastest\EWARM\IAR_RFIDIM\Obj\stm32f1xx_hal_flash_ex.o
#        D:\LoraFastest\EWARM\IAR_RFIDIM\Obj\stm32f1xx_hal_gpio.o
#        D:\LoraFastest\EWARM\IAR_RFIDIM\Obj\stm32f1xx_hal_gpio_ex.o
#        D:\LoraFastest\EWARM\IAR_RFIDIM\Obj\stm32f1xx_hal_msp.o
#        D:\LoraFastest\EWARM\IAR_RFIDIM\Obj\stm32f1xx_hal_pcd.o
#        D:\LoraFastest\EWARM\IAR_RFIDIM\Obj\stm32f1xx_hal_pcd_ex.o
#        D:\LoraFastest\EWARM\IAR_RFIDIM\Obj\stm32f1xx_hal_pwr.o
#        D:\LoraFastest\EWARM\IAR_RFIDIM\Obj\stm32f1xx_hal_rcc.o
#        D:\LoraFastest\EWARM\IAR_RFIDIM\Obj\stm32f1xx_hal_rcc_ex.o
#        D:\LoraFastest\EWARM\IAR_RFIDIM\Obj\stm32f1xx_hal_spi.o
#        D:\LoraFastest\EWARM\IAR_RFIDIM\Obj\stm32f1xx_hal_tim.o
#        D:\LoraFastest\EWARM\IAR_RFIDIM\Obj\stm32f1xx_hal_tim_ex.o
#        D:\LoraFastest\EWARM\IAR_RFIDIM\Obj\stm32f1xx_it.o
#        D:\LoraFastest\EWARM\IAR_RFIDIM\Obj\stm32f1xx_ll_usb.o
#        D:\LoraFastest\EWARM\IAR_RFIDIM\Obj\SW_Timer.o
#        D:\LoraFastest\EWARM\IAR_RFIDIM\Obj\system_stm32f1xx.o
#        D:\LoraFastest\EWARM\IAR_RFIDIM\Obj\usb_device.o
#        D:\LoraFastest\EWARM\IAR_RFIDIM\Obj\usbd_cdc.o
#        D:\LoraFastest\EWARM\IAR_RFIDIM\Obj\usbd_cdc_if.o
#        D:\LoraFastest\EWARM\IAR_RFIDIM\Obj\usbd_conf.o
#        D:\LoraFastest\EWARM\IAR_RFIDIM\Obj\usbd_core.o
#        D:\LoraFastest\EWARM\IAR_RFIDIM\Obj\usbd_ctlreq.o
#        D:\LoraFastest\EWARM\IAR_RFIDIM\Obj\usbd_desc.o
#        D:\LoraFastest\EWARM\IAR_RFIDIM\Obj\usbd_ioreq.o --redirect
#        _Printf=_PrintfFull --redirect _Scanf=_ScanfFull --no_out_extension -o
#        D:\LoraFastest\EWARM\IAR_RFIDIM\Exe\IAR_RFIDIM.out --map
#        D:\LoraFastest\EWARM\IAR_RFIDIM\List\IAR_RFIDIM.map --config
#        D:\LoraFastest\EWARM/stm32f103xb_flash.icf --semihosting --entry
#        __iar_program_start --vfe --text_out locale)
#
###############################################################################

*******************************************************************************
*** RUNTIME MODEL ATTRIBUTES
***

CppFlavor       = *
__SystemLibrary = DLib
__dlib_version  = 6


*******************************************************************************
*** HEAP SELECTION
***

The basic heap was selected because no calls to memory allocation
functions were found in the application outside of system library
functions, and there are calls to deallocation functions in the
application.


*******************************************************************************
*** PLACEMENT SUMMARY
***

"A0":  place at 0x800'0000 { ro section .intvec };
"P1":  place in [from 0x800'0000 to 0x801'ffff] { ro };
define block CSTACK with size = 1K, alignment = 8 { };
define block HEAP with size = 512, alignment = 8 { };
"P2":  place in [from 0x2000'0000 to 0x2000'4fff] {
          rw, block CSTACK, block HEAP };
initialize by copy { rw };

  Section            Kind         Address    Size  Object
  -------            ----         -------    ----  ------
"A0":                                        0xec
  .intvec            ro code   0x800'0000    0xec  startup_stm32f103xb.o [1]
                             - 0x800'00ec    0xec

"P1":                                      0x75cd
  .text              ro code   0x800'00ec   0xf46  xprintffull.o [2]
  .text              ro code   0x800'1032    0x7a  lz77_init_single.o [4]
  .text              ro code   0x800'10ac    0xa4  xlocale_c.o [2]
  .text              ro code   0x800'1150    0x16  strchr.o [4]
  .text              ro code   0x800'1166    0x3a  zero_init3.o [4]
  .text              ro code   0x800'11a0    0x40  xfail_s.o [2]
  .text              ro code   0x800'11e0    0x36  strlen.o [4]
  .text              ro code   0x800'1216    0x1e  xencoding_8859_1.o [2]
  .text              ro code   0x800'1234    0x58  memchr.o [4]
  .text              ro code   0x800'128c     0xa  xmbcurmax.o [2]
  .text              ro code   0x800'1296     0xa  xsprout.o [2]
  .text              ro code   0x800'12a0    0xa6  ABImemcpy.o [4]
  .rodata            const     0x800'1346     0x2  stm32f1xx_hal_rcc.o [1]
  .text              ro code   0x800'1348   0x230  I64DivMod.o [4]
  .text              ro code   0x800'1578   0x1a2  DblMul.o [3]
  .text              ro code   0x800'171c    0x70  frexp.o [3]
  .text              ro code   0x800'178c    0x2e  DblCmpLe.o [3]
  .text              ro code   0x800'17bc    0x2e  DblCmpGe.o [3]
  .text              ro code   0x800'17ec   0x13a  ldexp.o [3]
  .text              ro code   0x800'1928    0x3a  DblToS32.o [3]
  .text              ro code   0x800'1964    0x22  S32ToDbl.o [3]
  .text              ro code   0x800'1988    0xe2  DblSub.o [3]
  .text              ro code   0x800'1a6c   0x246  DblDiv.o [3]
  .text              ro code   0x800'1cb4    0x28  DblToU32.o [3]
  .text              ro code   0x800'1cdc    0x1a  U32ToDbl.o [3]
  .text              ro code   0x800'1cf6     0x6  abort.o [2]
  .text              ro code   0x800'1cfc     0x2  I64DivZer.o [4]
  .text              ro code   0x800'1d00   0x16a  DblAdd.o [3]
  .text              ro code   0x800'1e6c    0x14  exit.o [5]
  .text              ro code   0x800'1e80   0x9ea  stm32f1xx_ll_usb.o [1]
  .text              ro code   0x800'286a   0x8fe  stm32f1xx_hal_pcd.o [1]
  .text              ro code   0x800'3168   0x2ae  usbd_conf.o [1]
  .text              ro code   0x800'3418   0x150  stm32f1xx_hal_cortex.o [1]
  .text              ro code   0x800'3568   0x33e  usbd_core.o [1]
  .text              ro code   0x800'38a8   0x302  main.o [1]
  .text              ro code   0x800'3baa    0x40  stm32f1xx_hal_pcd_ex.o [1]
  .text              ro code   0x800'3bec    0x2c  logging.o [1]
  .text              ro code   0x800'3c18   0x7b8  usbd_ctlreq.o [1]
  .text              ro code   0x800'43d0    0x9c  usbd_ioreq.o [1]
  .text              ro code   0x800'446c    0x24  stm32f1xx_hal.o [1]
  .text              ro code   0x800'4490    0x58  usb_device.o [1]
  .text              ro code   0x800'44e8   0x1ec  mainApp.o [1]
  .text              ro code   0x800'46d4   0x5e8  stm32f1xx_hal_rcc.o [1]
  .text              ro code   0x800'4cbc   0x104  stm32f1xx_hal_rcc_ex.o [1]
  .text              ro code   0x800'4dc0   0x6e8  stm32f1xx_hal_spi.o [1]
  .text              ro code   0x800'54a8   0x23a  stm32f1xx_hal_gpio.o [1]
  .text              ro code   0x800'56e4     0x6  ABImemclr4.o [4]
  .text              ro code   0x800'56ec   0x3d4  stm32f1xx_hal_tim.o [1]
  .text              ro code   0x800'5ac0    0x4c  stm32f1xx_hal_tim_ex.o [1]
  .text              ro code   0x800'5b0c   0x1e0  SW_Timer.o [1]
  .text              ro code   0x800'5cec    0x4c  stm32f1xx_hal.o [1]
  .text              ro code   0x800'5d38    0xec  stm32f1xx_hal_msp.o [1]
  .text              ro code   0x800'5e24   0x3b6  usbd_cdc.o [1]
  .text              ro code   0x800'61dc   0x42c  Lora_transmission_HAL.o [1]
  .text              ro code   0x800'6608   0x214  Slave.o [1]
  .text              ro code   0x800'681c   0x36c  Master.o [1]
  .text              ro code   0x800'6b88    0x40  sprintf.o [2]
  .text              ro code   0x800'6bc8    0xcc  usbd_cdc_if.o [1]
  .text              ro code   0x800'6c94   0x14c  iar_Stoulx.o [2]
  .text              ro code   0x800'6de0     0xc  stm32f1xx_hal.o [1]
  .text              ro code   0x800'6dec    0x32  ABImemset48.o [4]
  .text              ro code   0x800'6e1e     0x2  stm32f1xx_hal_tim.o [1]
  .text              ro code   0x800'6e20     0x2  stm32f1xx_hal_tim.o [1]
  .text              ro code   0x800'6e22     0x2  stm32f1xx_hal_tim.o [1]
  .text              ro code   0x800'6e24     0x2  stm32f1xx_hal_tim.o [1]
  .text              ro code   0x800'6e26     0x2  stm32f1xx_hal_tim_ex.o [1]
  .text              ro code   0x800'6e28     0x2  stm32f1xx_hal_tim.o [1]
  .text              ro code   0x800'6e2a     0x2  stm32f1xx_hal_tim_ex.o [1]
  .text              ro code   0x800'6e2c    0x28  stm32f1xx_hal.o [1]
  .text              ro code   0x800'6e54   0x134  spi.o [1]
  .text              ro code   0x800'6f88    0x28  strncmp.o [2]
  .text              ro code   0x800'6fb0    0x18  strcpy.o [4]
  .text              ro code   0x800'6fc8    0x70  strncpy.o [4]
  .text              ro code   0x800'7038    0x14  isspace.o [2]
  .text              ro code   0x800'704c    0x14  tolower.o [2]
  .text              ro code   0x800'7060    0x5e  ABImemset.o [4]
  .text              ro code   0x800'70c0   0x136  usbd_desc.o [1]
  .text              ro code   0x800'71f8    0x58  system_stm32f1xx.o [1]
  .rodata            const     0x800'7250    0x50  iar_Stoulx.o [2]
  .text              ro code   0x800'72a0    0x44  stm32f1xx_it.o [1]
  .text              ro code   0x800'72e4    0x18  stm32f1xx_hal.o [1]
  .text              ro code   0x800'72fc    0x28  data_init.o [4]
  .rodata            const     0x800'7324    0x24  Master.o [1]
  .iar.init_table    const     0x800'7348    0x20  - Linker created -
  .text              ro code   0x800'7368    0x1e  cmain.o [4]
  .text              ro code   0x800'7386     0x4  low_level_init.o [2]
  .text              ro code   0x800'738a     0x4  exit.o [2]
  .text              ro code   0x800'7390     0xa  cexit.o [4]
  .rodata            const     0x800'739c    0x1c  Master.o [1]
  .rodata            const     0x800'73b8    0x1c  Slave.o [1]
  .rodata            const     0x800'73d4    0x18  mainApp.o [1]
  .rodata            const     0x800'73ec    0x18  mainApp.o [1]
  .rodata            const     0x800'7404    0x18  Master.o [1]
  .rodata            const     0x800'741c    0x18  usbd_desc.o [1]
  .rodata            const     0x800'7434    0x14  Slave.o [1]
  .rodata            const     0x800'7448    0x14  usbd_desc.o [1]
  .rodata            const     0x800'745c    0x10  Slave.o [1]
  .rodata            const     0x800'746c    0x10  stm32f1xx_hal_rcc.o [1]
  .rodata            const     0x800'747c    0x10  system_stm32f1xx.o [1]
  .rodata            const     0x800'748c    0x10  usbd_desc.o [1]
  .text              ro code   0x800'749c    0x10  startup_stm32f103xb.o [1]
  .rodata            const     0x800'74ac     0xc  usbd_desc.o [1]
  .text              ro code   0x800'74b8     0xc  cstartup_M.o [4]
  .rodata            const     0x800'74c4     0x8  main.o [1]
  .rodata            const     0x800'74cc     0x8  Master.o [1]
  .rodata            const     0x800'74d4     0x8  Master.o [1]
  .rodata            const     0x800'74dc     0x8  Slave.o [1]
  .rodata            const     0x800'74e4     0x8  Slave.o [1]
  .rodata            const     0x800'74ec     0x6  xlocale_c.o [2]
  .rodata            const     0x800'74f4     0x4  Lora_transmission_HAL.o [1]
  .text              ro code   0x800'74f8     0x4  startup_stm32f103xb.o [1]
  .text              ro code   0x800'74fc     0x4  startup_stm32f103xb.o [1]
  .text              ro code   0x800'7500     0x4  startup_stm32f103xb.o [1]
  .text              ro code   0x800'7504     0x4  startup_stm32f103xb.o [1]
  .text              ro code   0x800'7508     0x4  startup_stm32f103xb.o [1]
  .text              ro code   0x800'750c     0x4  startup_stm32f103xb.o [1]
  .text              ro code   0x800'7510     0x4  startup_stm32f103xb.o [1]
  .text              ro code   0x800'7514     0x4  startup_stm32f103xb.o [1]
  .text              ro code   0x800'7518     0x4  startup_stm32f103xb.o [1]
  .text              ro code   0x800'751c     0x4  startup_stm32f103xb.o [1]
  .text              ro code   0x800'7520     0x4  startup_stm32f103xb.o [1]
  .text              ro code   0x800'7524     0x4  startup_stm32f103xb.o [1]
  .text              ro code   0x800'7528     0x4  startup_stm32f103xb.o [1]
  .text              ro code   0x800'752c     0x4  startup_stm32f103xb.o [1]
  .text              ro code   0x800'7530     0x4  startup_stm32f103xb.o [1]
  .text              ro code   0x800'7534     0x4  startup_stm32f103xb.o [1]
  .text              ro code   0x800'7538     0x4  startup_stm32f103xb.o [1]
  .text              ro code   0x800'753c     0x4  startup_stm32f103xb.o [1]
  .text              ro code   0x800'7540     0x4  startup_stm32f103xb.o [1]
  .text              ro code   0x800'7544     0x4  startup_stm32f103xb.o [1]
  .text              ro code   0x800'7548     0x4  startup_stm32f103xb.o [1]
  .text              ro code   0x800'754c     0x4  startup_stm32f103xb.o [1]
  .text              ro code   0x800'7550     0x4  startup_stm32f103xb.o [1]
  .text              ro code   0x800'7554     0x4  startup_stm32f103xb.o [1]
  .text              ro code   0x800'7558     0x4  startup_stm32f103xb.o [1]
  .text              ro code   0x800'755c     0x4  startup_stm32f103xb.o [1]
  .text              ro code   0x800'7560     0x4  startup_stm32f103xb.o [1]
  .text              ro code   0x800'7564     0x4  startup_stm32f103xb.o [1]
  .text              ro code   0x800'7568     0x4  startup_stm32f103xb.o [1]
  .text              ro code   0x800'756c     0x4  startup_stm32f103xb.o [1]
  .text              ro code   0x800'7570     0x4  startup_stm32f103xb.o [1]
  .text              ro code   0x800'7574     0x4  startup_stm32f103xb.o [1]
  .text              ro code   0x800'7578     0x4  startup_stm32f103xb.o [1]
  .text              ro code   0x800'757c     0x4  startup_stm32f103xb.o [1]
  .text              ro code   0x800'7580     0x4  startup_stm32f103xb.o [1]
  .text              ro code   0x800'7584     0x4  startup_stm32f103xb.o [1]
  .text              ro code   0x800'7588     0x4  startup_stm32f103xb.o [1]
  .text              ro code   0x800'758c     0x4  startup_stm32f103xb.o [1]
  .text              ro code   0x800'7590     0x4  startup_stm32f103xb.o [1]
  .text              ro code   0x800'7594     0x4  startup_stm32f103xb.o [1]
  .rodata            const     0x800'7598     0x0  zero_init3.o [4]
  .rodata            const     0x800'7598     0x0  lz77_init_single.o [4]
  Initializer bytes  const     0x800'7598   0x121  <for P2-1>
                             - 0x800'76b9  0x75cd

"P2", part 1 of 3:                          0x20d
  P2-1                        0x2000'0000   0x20d  <Init block>
    .data            inited   0x2000'0000    0x14  Lora_transmission_HAL.o [1]
    .data            inited   0x2000'0014     0x4  stm32f1xx_hal.o [1]
    .data            inited   0x2000'0018     0x4  system_stm32f1xx.o [1]
    .data            inited   0x2000'001c     0xc  usbd_cdc.o [1]
    .data            inited   0x2000'0028    0x38  usbd_cdc.o [1]
    .data            inited   0x2000'0060    0x44  usbd_cdc.o [1]
    .data            inited   0x2000'00a4    0x44  usbd_cdc.o [1]
    .data            inited   0x2000'00e8    0x44  usbd_cdc.o [1]
    .data            inited   0x2000'012c    0x10  usbd_cdc_if.o [1]
    .data            inited   0x2000'013c    0x1c  usbd_desc.o [1]
    .data            inited   0x2000'0158    0x14  usbd_desc.o [1]
    .data            inited   0x2000'016c     0x4  usbd_desc.o [1]
    .data            inited   0x2000'0170    0x1c  usbd_desc.o [1]
    .data            inited   0x2000'018c    0x38  xlocale_c.o [2]
    .data            inited   0x2000'01c4    0x48  xlocale_c.o [2]
    .data            inited   0x2000'020c     0x1  stm32f1xx_hal.o [1]
                            - 0x2000'020d   0x20d

"P2", part 2 of 3:                         0x1420
  .bss               zero     0x2000'0210   0x3e8  usbd_cdc_if.o [1]
  .bss               zero     0x2000'05f8   0x3e8  usbd_cdc_if.o [1]
  .bss               zero     0x2000'09e0   0x2c4  usb_device.o [1]
  .bss               zero     0x2000'0ca4   0x26c  usbd_conf.o [1]
  .bss               zero     0x2000'0f10   0x220  usbd_conf.o [1]
  .bss               zero     0x2000'1130   0x200  usbd_desc.o [1]
  .bss               zero     0x2000'1330    0xcc  Master.o [1]
  .bss               zero     0x2000'13fc    0x84  mainApp.o [1]
  .bss               zero     0x2000'1480    0x58  main.o [1]
  .bss               zero     0x2000'14d8    0x40  main.o [1]
  .bss               zero     0x2000'1518    0x3c  Lora_transmission_HAL.o [1]
  .bss               zero     0x2000'1554    0x34  mainApp.o [1]
  .bss               zero     0x2000'1588    0x20  SW_Timer.o [1]
  .bss               zero     0x2000'15a8    0x14  logging.o [1]
  .bss               zero     0x2000'15bc    0x14  mainApp.o [1]
  .bss               zero     0x2000'15d0    0x14  mainApp.o [1]
  .bss               zero     0x2000'15e4     0xc  logging.o [1]
  .bss               zero     0x2000'15f0     0xc  Lora_transmission_HAL.o [1]
  .bss               zero     0x2000'15fc     0x8  logging.o [1]
  .bss               zero     0x2000'1604     0x8  mainApp.o [1]
  .bss               zero     0x2000'160c     0x8  Slave.o [1]
  .bss               zero     0x2000'1614     0x4  Master.o [1]
  .bss               zero     0x2000'1618     0x4  Master.o [1]
  .bss               zero     0x2000'161c     0x4  Master.o [1]
  .bss               zero     0x2000'1620     0x4  Slave.o [1]
  .bss               zero     0x2000'1624     0x4  stm32f1xx_hal.o [1]
  .bss               zero     0x2000'1628     0x4  xfail_s.o [2]
  .bss               zero     0x2000'162c     0x1  logging.o [1]
  .bss               zero     0x2000'162d     0x1  mainApp.o [1]
  .bss               zero     0x2000'162e     0x1  usbd_cdc_if.o [1]
  .bss               zero     0x2000'162f     0x1  usbd_ctlreq.o [1]
                            - 0x2000'1630  0x1420

"P2", part 3 of 3:                          0x400
  CSTACK                      0x2000'1630   0x400  <Block>
    CSTACK           uninit   0x2000'1630   0x400  <Block tail>
                            - 0x2000'1a30   0x400

Unused ranges:

         From           To      Size
         ----           --      ----
   0x800'76b9   0x801'ffff  0x1'8947
  0x2000'020d  0x2000'020f       0x3
  0x2000'1a30  0x2000'4fff    0x35d0


*******************************************************************************
*** INIT TABLE
***

          Address      Size
          -------      ----
Zero (__iar_zero_init3)
    1 destination range, total size 0x1420:
          0x2000'0210  0x1420

Copy/lz77 (__iar_lz77_init_single3)
    1 source range, total size 0x121 (55% of destination):
           0x800'7598   0x121
    1 destination range, total size 0x20d:
          0x2000'0000   0x20d



*******************************************************************************
*** MODULE SUMMARY
***

    Module                   ro code  ro data  rw data
    ------                   -------  -------  -------
command line/config:
    --------------------------------------------------
    Total:

D:\LoraFastest\EWARM\IAR_RFIDIM\Obj: [1]
    Lora_transmission_HAL.o    1 068       15       92
    Master.o                     876      104      216
    SW_Timer.o                   480                32
    Slave.o                      532       80       12
    logging.o                     44                41
    main.o                       770        8      152
    mainApp.o                    492       48      233
    spi.o                        308
    startup_stm32f103xb.o        412
    stm32f1xx_hal.o              188        3        9
    stm32f1xx_hal_cortex.o       336
    stm32f1xx_hal_gpio.o         570
    stm32f1xx_hal_msp.o          236
    stm32f1xx_hal_pcd.o        2 302
    stm32f1xx_hal_pcd_ex.o        64
    stm32f1xx_hal_rcc.o        1 512       18
    stm32f1xx_hal_rcc_ex.o       260
    stm32f1xx_hal_spi.o        1 768
    stm32f1xx_hal_tim.o          990
    stm32f1xx_hal_tim_ex.o        80
    stm32f1xx_it.o                68
    stm32f1xx_ll_usb.o         2 538
    system_stm32f1xx.o            88       18        4
    usb_device.o                  88               708
    usbd_cdc.o                   950      150      272
    usbd_cdc_if.o                204        8    2 017
    usbd_conf.o                  686             1 164
    usbd_core.o                  830
    usbd_ctlreq.o              1 976                 1
    usbd_desc.o                  310      116      592
    usbd_ioreq.o                 156
    --------------------------------------------------
    Total:                    21 182      568    5 545

dl7M_tlf.a: [2]
    abort.o                        6
    exit.o                         4
    iar_Stoulx.o                 332       80
    isspace.o                     20
    low_level_init.o               4
    sprintf.o                     64
    strncmp.o                     40
    tolower.o                     20
    xencoding_8859_1.o            30
    xfail_s.o                     64                 4
    xlocale_c.o                  164       77      128
    xmbcurmax.o                   10
    xprintffull.o              3 910
    xsprout.o                     10
    --------------------------------------------------
    Total:                     4 678      157      132

m7M_tl.a: [3]
    DblAdd.o                     362
    DblCmpGe.o                    46
    DblCmpLe.o                    46
    DblDiv.o                     582
    DblMul.o                     418
    DblSub.o                     226
    DblToS32.o                    58
    DblToU32.o                    40
    S32ToDbl.o                    34
    U32ToDbl.o                    26
    frexp.o                      112
    ldexp.o                      314
    --------------------------------------------------
    Total:                     2 264

rt7M_tl.a: [4]
    ABImemclr4.o                   6
    ABImemcpy.o                  166
    ABImemset.o                   94
    ABImemset48.o                 50
    I64DivMod.o                  560
    I64DivZer.o                    2
    cexit.o                       10
    cmain.o                       30
    cstartup_M.o                  12
    data_init.o                   40
    lz77_init_single.o           122
    memchr.o                      88
    strchr.o                      22
    strcpy.o                      24
    strlen.o                      54
    strncpy.o                    112
    zero_init3.o                  58
    --------------------------------------------------
    Total:                     1 450

shb_l.a: [5]
    exit.o                        20
    --------------------------------------------------
    Total:                        20

    Gaps                          38        4
    Linker created                         32    1 024
------------------------------------------------------
    Grand Total:              29 632      761    6 701


*******************************************************************************
*** ENTRY LIST
***

Entry                       Address   Size  Type      Object
-----                       -------   ----  ----      ------
.iar.init_table$$Base    0x800'7348          --   Gb  - Linker created -
.iar.init_table$$Limit   0x800'7368          --   Gb  - Linker created -
?main                    0x800'7369         Code  Gb  cmain.o [4]
AHBPrescTable            0x800'747c   0x10  Data  Gb  system_stm32f1xx.o [1]
BurstWrite               0x800'6f2f   0x50  Code  Gb  spi.o [1]
BusFault_Handler         0x800'72b1    0x2  Code  Gb  stm32f1xx_it.o [1]
CDC_Control_FS           0x800'6be7   0x3e  Code  Lc  usbd_cdc_if.o [1]
CDC_DeInit_FS            0x800'6be3    0x4  Code  Lc  usbd_cdc_if.o [1]
CDC_Init_FS              0x800'6bc9   0x1a  Code  Lc  usbd_cdc_if.o [1]
CDC_Receive_FS           0x800'6c25   0x30  Code  Lc  usbd_cdc_if.o [1]
CDC_Transmit_FS          0x800'6c55   0x2c  Code  Gb  usbd_cdc_if.o [1]
CSTACK$$Base            0x2000'1630          --   Gb  - Linker created -
CSTACK$$Limit           0x2000'1a30          --   Gb  - Linker created -
CacheMore                0x800'10dd   0x24  Code  Lc  xlocale_c.o [2]
DebugMon_Handler         0x800'72b7    0x2  Code  Gb  stm32f1xx_it.o [1]
Delay_By_Id              0x800'6609   0x12  Code  Gb  Slave.o [1]
EXTI1_IRQHandler         0x800'72a1    0xa  Code  Gb  stm32f1xx_it.o [1]
Error_Handler            0x800'3ba9    0x2  Code  Gb  main.o [1]
FS_Desc                 0x2000'013c   0x1c  Data  Gb  usbd_desc.o [1]
Get_SerialNum            0x800'7151   0x2c  Code  Lc  usbd_desc.o [1]
HAL_Delay                0x800'6e2d   0x28  Code  Wk  stm32f1xx_hal.o [1]
HAL_GPIO_EXTI_IRQHandler
                         0x800'567f   0x1c  Code  Gb  stm32f1xx_hal_gpio.o [1]
HAL_GPIO_Init            0x800'54a9  0x1b0  Code  Gb  stm32f1xx_hal_gpio.o [1]
HAL_GPIO_ReadPin         0x800'5659   0x12  Code  Gb  stm32f1xx_hal_gpio.o [1]
HAL_GPIO_WritePin        0x800'566b   0x14  Code  Gb  stm32f1xx_hal_gpio.o [1]
HAL_GetTick              0x800'6de1    0xc  Code  Wk  stm32f1xx_hal.o [1]
HAL_IncTick              0x800'72e5   0x18  Code  Wk  stm32f1xx_hal.o [1]
HAL_Init                 0x800'446d   0x20  Code  Gb  stm32f1xx_hal.o [1]
HAL_InitTick             0x800'5ced   0x4c  Code  Wk  stm32f1xx_hal.o [1]
HAL_MspInit              0x800'5d39   0x3c  Code  Gb  stm32f1xx_hal_msp.o [1]
HAL_NVIC_EnableIRQ       0x800'3511    0xa  Code  Gb  stm32f1xx_hal_cortex.o [1]
HAL_NVIC_SetPriority     0x800'34ef   0x22  Code  Gb  stm32f1xx_hal_cortex.o [1]
HAL_NVIC_SetPriorityGrouping
                         0x800'34e7    0x8  Code  Gb  stm32f1xx_hal_cortex.o [1]
HAL_PCDEx_PMAConfig      0x800'3bab   0x40  Code  Gb  stm32f1xx_hal_pcd_ex.o [1]
HAL_PCDEx_SetConnectionState
                         0x800'33eb    0x2  Code  Gb  usbd_conf.o [1]
HAL_PCD_DataInStageCallback
                         0x800'31c3   0x18  Code  Gb  usbd_conf.o [1]
HAL_PCD_DataOutStageCallback
                         0x800'31a9   0x1a  Code  Gb  usbd_conf.o [1]
HAL_PCD_EP_Close         0x800'2c01   0x5e  Code  Gb  stm32f1xx_hal_pcd.o [1]
HAL_PCD_EP_ClrStall      0x800'2d6b   0x74  Code  Gb  stm32f1xx_hal_pcd.o [1]
HAL_PCD_EP_GetRxCount    0x800'2c9d   0x10  Code  Gb  stm32f1xx_hal_pcd.o [1]
HAL_PCD_EP_Open          0x800'2b83   0x7e  Code  Gb  stm32f1xx_hal_pcd.o [1]
HAL_PCD_EP_Receive       0x800'2c5f   0x3e  Code  Gb  stm32f1xx_hal_pcd.o [1]
HAL_PCD_EP_SetStall      0x800'2ce9   0x82  Code  Gb  stm32f1xx_hal_pcd.o [1]
HAL_PCD_EP_Transmit      0x800'2cad   0x3c  Code  Gb  stm32f1xx_hal_pcd.o [1]
HAL_PCD_IRQHandler       0x800'29fd  0x15a  Code  Gb  stm32f1xx_hal_pcd.o [1]
HAL_PCD_Init             0x800'286b  0x15e  Code  Gb  stm32f1xx_hal_pcd.o [1]
HAL_PCD_MspInit          0x800'3169   0x30  Code  Gb  usbd_conf.o [1]
HAL_PCD_ResetCallback    0x800'31e7   0x26  Code  Gb  usbd_conf.o [1]
HAL_PCD_ResumeCallback   0x800'322b    0xc  Code  Gb  usbd_conf.o [1]
HAL_PCD_SOFCallback      0x800'31db    0xc  Code  Gb  usbd_conf.o [1]
HAL_PCD_SetAddress       0x800'2b57   0x2c  Code  Gb  stm32f1xx_hal_pcd.o [1]
HAL_PCD_SetupStageCallback
                         0x800'3199   0x10  Code  Gb  usbd_conf.o [1]
HAL_PCD_Start            0x800'29c9   0x34  Code  Gb  stm32f1xx_hal_pcd.o [1]
HAL_PCD_SuspendCallback
                         0x800'320d   0x1e  Code  Gb  usbd_conf.o [1]
HAL_RCCEx_PeriphCLKConfig
                         0x800'4cbd   0xee  Code  Gb  stm32f1xx_hal_rcc_ex.o [1]
HAL_RCC_ClockConfig      0x800'4aa7  0x146  Code  Gb  stm32f1xx_hal_rcc.o [1]
HAL_RCC_GetHCLKFreq      0x800'4c4f    0x6  Code  Gb  stm32f1xx_hal_rcc.o [1]
HAL_RCC_GetSysClockFreq
                         0x800'4bed   0x62  Code  Gb  stm32f1xx_hal_rcc.o [1]
HAL_RCC_OscConfig        0x800'46d5  0x3d2  Code  Gb  stm32f1xx_hal_rcc.o [1]
HAL_SPI_Init             0x800'4dc1   0x8a  Code  Gb  stm32f1xx_hal_spi.o [1]
HAL_SPI_MspInit          0x800'5d75   0x6a  Code  Gb  stm32f1xx_hal_msp.o [1]
HAL_SPI_Receive          0x800'4fe9  0x166  Code  Gb  stm32f1xx_hal_spi.o [1]
HAL_SPI_Transmit         0x800'4e4b  0x19e  Code  Gb  stm32f1xx_hal_spi.o [1]
HAL_SPI_TransmitReceive
                         0x800'514f  0x21e  Code  Gb  stm32f1xx_hal_spi.o [1]
HAL_SYSTICK_CLKSourceConfig
                         0x800'3523   0x1c  Code  Gb  stm32f1xx_hal_cortex.o [1]
HAL_SYSTICK_Callback     0x800'3c11    0x8  Code  Gb  logging.o [1]
HAL_SYSTICK_Config       0x800'351b    0x8  Code  Gb  stm32f1xx_hal_cortex.o [1]
HAL_SYSTICK_IRQHandler   0x800'3561    0x8  Code  Gb  stm32f1xx_hal_cortex.o [1]
HAL_TIMEx_BreakCallback
                         0x800'6e27    0x2  Code  Wk  stm32f1xx_hal_tim_ex.o [1]
HAL_TIMEx_CommutCallback
                         0x800'6e2b    0x2  Code  Wk  stm32f1xx_hal_tim_ex.o [1]
HAL_TIMEx_MasterConfigSynchronization
                         0x800'5ac1   0x4c  Code  Gb  stm32f1xx_hal_tim_ex.o [1]
HAL_TIM_Base_Init        0x800'56ed   0x38  Code  Gb  stm32f1xx_hal_tim.o [1]
HAL_TIM_Base_MspInit     0x800'5ddf   0x30  Code  Gb  stm32f1xx_hal_msp.o [1]
HAL_TIM_Base_Start_IT    0x800'5725   0x28  Code  Gb  stm32f1xx_hal_tim.o [1]
HAL_TIM_Base_Stop_IT     0x800'574d   0x34  Code  Gb  stm32f1xx_hal_tim.o [1]
HAL_TIM_ConfigClockSource
                         0x800'58f7   0xe8  Code  Gb  stm32f1xx_hal_tim.o [1]
HAL_TIM_IRQHandler       0x800'5781  0x176  Code  Gb  stm32f1xx_hal_tim.o [1]
HardFault_Handler        0x800'72ad    0x2  Code  Gb  stm32f1xx_it.o [1]
Indicate_Rx_Packet       0x800'62e1   0x56  Code  Gb  Lora_transmission_HAL.o [1]
IntToUnicode             0x800'71a9   0x4e  Code  Lc  usbd_desc.o [1]
LoadInt                  0x800'02af   0x7a  Code  Lc  xprintffull.o [2]
Lora                    0x2000'15f0    0xc  Data  Gb  Lora_transmission_HAL.o [1]
LoraTime                0x2000'15e4    0xc  Data  Gb  logging.o [1]
Lora_1278_Init           0x800'65c3   0x26  Code  Gb  Lora_transmission_HAL.o [1]
MX_GPIO_Init             0x800'399f  0x16e  Code  Lc  main.o [1]
MX_SPI1_Init             0x800'3959   0x46  Code  Lc  main.o [1]
MX_TIM2_Init             0x800'3b0d   0x74  Code  Lc  main.o [1]
MX_USB_DEVICE_Init       0x800'4491   0x58  Code  Gb  usb_device.o [1]
Master_Receive_Data      0x800'6ac5   0x5e  Code  Gb  Master.o [1]
Master_Send_Data         0x800'697b   0x66  Code  Gb  Master.o [1]
MemManage_Handler        0x800'72af    0x2  Code  Gb  stm32f1xx_it.o [1]
NMI_Handler              0x800'72ab    0x2  Code  Gb  stm32f1xx_it.o [1]
NVIC_EncodePriority      0x800'347d   0x3c  Code  Lc  stm32f1xx_hal_cortex.o [1]
PCD_EP_ISR_Handler       0x800'2ddf  0x38a  Code  Lc  stm32f1xx_hal_pcd.o [1]
PendSV_Handler           0x800'72b9    0x2  Code  Gb  stm32f1xx_it.o [1]
RCC_Delay                0x800'4c55   0x24  Code  Lc  stm32f1xx_hal_rcc.o [1]
Read_Rx_Packet           0x800'6337   0xe0  Code  Gb  Lora_transmission_HAL.o [1]
Receive_Data             0x800'69f3   0xc4  Code  Gb  Master.o [1]
Region$$Table$$Base      0x800'7348          --   Gb  - Linker created -
Region$$Table$$Limit     0x800'7368          --   Gb  - Linker created -
RxData                  0x2000'1518   0x3c  Data  Gb  Lora_transmission_HAL.o [1]
SPIBurstRead             0x800'6ee3   0x4c  Code  Gb  spi.o [1]
SPICmd8bit               0x800'6e55   0x1a  Code  Gb  spi.o [1]
SPIRead                  0x800'6e93   0x1e  Code  Gb  spi.o [1]
SPIRead8bit              0x800'6e6f   0x24  Code  Gb  spi.o [1]
SPIWrite                 0x800'6eb1   0x32  Code  Gb  spi.o [1]
SPI_EndRxTransaction     0x800'540d   0x76  Code  Lc  stm32f1xx_hal_spi.o [1]
SPI_EndRxTxTransaction   0x800'5483   0x26  Code  Lc  stm32f1xx_hal_spi.o [1]
SPI_WaitFlagStateUntilTimeout
                         0x800'536d   0xa0  Code  Lc  stm32f1xx_hal_spi.o [1]
SVC_Handler              0x800'72b5    0x2  Code  Gb  stm32f1xx_it.o [1]
SWTimer                 0x2000'1588   0x20  Data  Gb  SW_Timer.o [1]
SW_TIMER_CLEAR           0x800'5b0d   0x56  Code  Gb  SW_Timer.o [1]
SW_TIMER_CREATE_FunCallBack
                         0x800'5b63   0x4a  Code  Gb  SW_Timer.o [1]
SW_TIMER_ISR             0x800'5bf1   0xb4  Code  Gb  SW_Timer.o [1]
SW_TIMER_START           0x800'5bad   0x44  Code  Gb  SW_Timer.o [1]
SX1278_Frequency         0x800'74f4    0x4  Data  Lc  Lora_transmission_HAL.o [1]
Send_Broadcast_Data      0x800'681d   0x72  Code  Gb  Master.o [1]
Send_Tx_Packet           0x800'647b   0x48  Code  Gb  Lora_transmission_HAL.o [1]
Send_Unicast_Data        0x800'688f   0xec  Code  Gb  Master.o [1]
Slave_Receive_Broadcast
                         0x800'6751   0x4c  Code  Gb  Slave.o [1]
Slave_Receive_Data       0x800'679d   0x4a  Code  Gb  Slave.o [1]
Slave_Receive_Unicast    0x800'6705   0x4c  Code  Gb  Slave.o [1]
Slave_Send_Response      0x800'66ed   0x18  Code  Gb  Slave.o [1]
Slave_Send_Response_Broadcast
                         0x800'661b   0x68  Code  Gb  Slave.o [1]
Slave_Send_Response_Unicast
                         0x800'6683   0x6a  Code  Gb  Slave.o [1]
Start_Timer              0x800'69e1   0x12  Code  Gb  Master.o [1]
Switch_To_Rx             0x800'6225   0x74  Code  Gb  Lora_transmission_HAL.o [1]
Switch_To_Tx             0x800'6417   0x64  Code  Gb  Lora_transmission_HAL.o [1]
SysTick_Config           0x800'34b9   0x2e  Code  Lc  stm32f1xx_hal_cortex.o [1]
SysTick_Handler          0x800'72bb    0xc  Code  Gb  stm32f1xx_it.o [1]
SystemClock_Config       0x800'38c9   0x90  Code  Gb  main.o [1]
SystemCoreClock         0x2000'0018    0x4  Data  Gb  system_stm32f1xx.o [1]
SystemInit               0x800'71f9   0x3e  Code  Gb  system_stm32f1xx.o [1]
TIM2_IRQHandler          0x800'72d1    0xa  Code  Gb  stm32f1xx_it.o [1]
TIM_Base_SetConfig       0x800'59df   0x64  Code  Gb  stm32f1xx_hal_tim.o [1]
TIM_ETR_SetConfig        0x800'5aab   0x16  Code  Gb  stm32f1xx_hal_tim.o [1]
TIM_ITRx_SetConfig       0x800'5a9b   0x10  Code  Lc  stm32f1xx_hal_tim.o [1]
TIM_TI1_ConfigInputStage
                         0x800'5a51   0x24  Code  Lc  stm32f1xx_hal_tim.o [1]
TIM_TI2_ConfigInputStage
                         0x800'5a75   0x26  Code  Lc  stm32f1xx_hal_tim.o [1]
Tx_Packet_u             0x2000'1554   0x34  Data  Gb  mainApp.o [1]
USBD_CDC                0x2000'0028   0x38  Data  Gb  usbd_cdc.o [1]
USBD_CDC_CfgFSDesc      0x2000'00a4   0x44  Data  Gb  usbd_cdc.o [1]
USBD_CDC_CfgHSDesc      0x2000'0060   0x44  Data  Gb  usbd_cdc.o [1]
USBD_CDC_DataIn          0x800'602d   0x6c  Code  Lc  usbd_cdc.o [1]
USBD_CDC_DataOut         0x800'6099   0x34  Code  Lc  usbd_cdc.o [1]
USBD_CDC_DeInit          0x800'5ee7   0x50  Code  Lc  usbd_cdc.o [1]
USBD_CDC_DeviceQualifierDesc
                        0x2000'001c    0xc  Data  Lc  usbd_cdc.o [1]
USBD_CDC_EP0_RxReady     0x800'60cd   0x36  Code  Lc  usbd_cdc.o [1]
USBD_CDC_GetDeviceQualifierDescriptor
                         0x800'611b    0x8  Code  Gb  usbd_cdc.o [1]
USBD_CDC_GetFSCfgDesc    0x800'6103    0x8  Code  Lc  usbd_cdc.o [1]
USBD_CDC_GetHSCfgDesc    0x800'610b    0x8  Code  Lc  usbd_cdc.o [1]
USBD_CDC_GetOtherSpeedCfgDesc
                         0x800'6113    0x8  Code  Lc  usbd_cdc.o [1]
USBD_CDC_Init            0x800'5e25   0xc2  Code  Lc  usbd_cdc.o [1]
USBD_CDC_OtherSpeedCfgDesc
                        0x2000'00e8   0x44  Data  Gb  usbd_cdc.o [1]
USBD_CDC_ReceivePacket   0x800'61a3   0x38  Code  Gb  usbd_cdc.o [1]
USBD_CDC_RegisterInterface
                         0x800'6135   0x12  Code  Gb  usbd_cdc.o [1]
USBD_CDC_SetRxBuffer     0x800'6159    0xc  Code  Gb  usbd_cdc.o [1]
USBD_CDC_SetTxBuffer     0x800'6147   0x12  Code  Gb  usbd_cdc.o [1]
USBD_CDC_Setup           0x800'5f37   0xf6  Code  Lc  usbd_cdc.o [1]
USBD_CDC_TransmitPacket
                         0x800'6165   0x3e  Code  Gb  usbd_cdc.o [1]
USBD_ClrClassConfig      0x800'35dd   0x10  Code  Gb  usbd_core.o [1]
USBD_ClrFeature          0x800'430d   0x24  Code  Lc  usbd_ctlreq.o [1]
USBD_CtlContinueRx       0x800'442f   0x12  Code  Gb  usbd_ioreq.o [1]
USBD_CtlContinueSendData
                         0x800'43f5   0x12  Code  Gb  usbd_ioreq.o [1]
USBD_CtlError            0x800'4359   0x16  Code  Gb  usbd_ctlreq.o [1]
USBD_CtlPrepareRx        0x800'4407   0x28  Code  Gb  usbd_ioreq.o [1]
USBD_CtlReceiveStatus    0x800'4457   0x16  Code  Gb  usbd_ioreq.o [1]
USBD_CtlSendData         0x800'43d1   0x24  Code  Gb  usbd_ioreq.o [1]
USBD_CtlSendStatus       0x800'4441   0x16  Code  Gb  usbd_ioreq.o [1]
USBD_FS_ConfigStrDescriptor
                         0x800'7111   0x20  Code  Gb  usbd_desc.o [1]
USBD_FS_DeviceDesc      0x2000'0158   0x14  Data  Gb  usbd_desc.o [1]
USBD_FS_DeviceDescriptor
                         0x800'70c1    0x8  Code  Gb  usbd_desc.o [1]
USBD_FS_InterfaceStrDescriptor
                         0x800'7131   0x20  Code  Gb  usbd_desc.o [1]
USBD_FS_LangIDStrDescriptor
                         0x800'70c9    0x8  Code  Gb  usbd_desc.o [1]
USBD_FS_ManufacturerStrDescriptor
                         0x800'70f1   0x12  Code  Gb  usbd_desc.o [1]
USBD_FS_ProductStrDescriptor
                         0x800'70d1   0x20  Code  Gb  usbd_desc.o [1]
USBD_FS_SerialStrDescriptor
                         0x800'7103    0xe  Code  Gb  usbd_desc.o [1]
USBD_GetConfig           0x800'427d   0x3e  Code  Lc  usbd_ctlreq.o [1]
USBD_GetDescriptor       0x800'3f4b  0x200  Code  Lc  usbd_ctlreq.o [1]
USBD_GetLen              0x800'43bd   0x14  Code  Lc  usbd_ctlreq.o [1]
USBD_GetStatus           0x800'42bb   0x3e  Code  Lc  usbd_ctlreq.o [1]
USBD_GetString           0x800'436f   0x4e  Code  Gb  usbd_ctlreq.o [1]
USBD_Get_USB_Status      0x800'33ed   0x2a  Code  Lc  usbd_conf.o [1]
USBD_Init                0x800'3569   0x30  Code  Gb  usbd_core.o [1]
USBD_Interface_fops_FS  0x2000'012c   0x10  Data  Gb  usbd_cdc_if.o [1]
USBD_LL_ClearStallEP     0x800'3327   0x1a  Code  Gb  usbd_conf.o [1]
USBD_LL_CloseEP          0x800'32f3   0x1a  Code  Gb  usbd_conf.o [1]
USBD_LL_DataInStage      0x800'36f7  0x104  Code  Gb  usbd_core.o [1]
USBD_LL_DataOutStage     0x800'3651   0xa6  Code  Gb  usbd_core.o [1]
USBD_LL_GetRxDataSize    0x800'33bf    0xe  Code  Gb  usbd_conf.o [1]
USBD_LL_Init             0x800'3237   0x80  Code  Gb  usbd_conf.o [1]
USBD_LL_IsStallEP        0x800'3341   0x2c  Code  Gb  usbd_conf.o [1]
USBD_LL_OpenEP           0x800'32cf   0x24  Code  Gb  usbd_conf.o [1]
USBD_LL_PrepareReceive   0x800'33a3   0x1c  Code  Gb  usbd_conf.o [1]
USBD_LL_Reset            0x800'37fb   0x60  Code  Gb  usbd_core.o [1]
USBD_LL_Resume           0x800'3873   0x14  Code  Gb  usbd_core.o [1]
USBD_LL_SOF              0x800'3887   0x20  Code  Gb  usbd_core.o [1]
USBD_LL_SetSpeed         0x800'385b    0x6  Code  Gb  usbd_core.o [1]
USBD_LL_SetUSBAddress    0x800'336d   0x1a  Code  Gb  usbd_conf.o [1]
USBD_LL_SetupStage       0x800'35ed   0x64  Code  Gb  usbd_core.o [1]
USBD_LL_StallEP          0x800'330d   0x1a  Code  Gb  usbd_conf.o [1]
USBD_LL_Start            0x800'32b7   0x18  Code  Gb  usbd_conf.o [1]
USBD_LL_Suspend          0x800'3861   0x12  Code  Gb  usbd_core.o [1]
USBD_LL_Transmit         0x800'3387   0x1c  Code  Gb  usbd_conf.o [1]
USBD_LangIDDesc         0x2000'016c    0x4  Data  Gb  usbd_desc.o [1]
USBD_ParseSetupRequest   0x800'4331   0x28  Code  Gb  usbd_ctlreq.o [1]
USBD_RegisterClass       0x800'3599   0x14  Code  Gb  usbd_core.o [1]
USBD_RunTestMode         0x800'35b7    0x4  Code  Gb  usbd_core.o [1]
USBD_SetAddress          0x800'414b   0x5e  Code  Lc  usbd_ctlreq.o [1]
USBD_SetClassConfig      0x800'35bb   0x22  Code  Gb  usbd_core.o [1]
USBD_SetConfig           0x800'41a9   0xce  Code  Lc  usbd_ctlreq.o [1]
USBD_SetConfig::cfgidx  0x2000'162f    0x1  Data  Lc  usbd_ctlreq.o [1]
USBD_SetFeature          0x800'42f9   0x14  Code  Lc  usbd_ctlreq.o [1]
USBD_Start               0x800'35ad    0xa  Code  Gb  usbd_core.o [1]
USBD_StdDevReq           0x800'3c19   0x7a  Code  Gb  usbd_ctlreq.o [1]
USBD_StdEPReq            0x800'3cff  0x24c  Code  Gb  usbd_ctlreq.o [1]
USBD_StdItfReq           0x800'3c93   0x6c  Code  Gb  usbd_ctlreq.o [1]
USBD_StrDesc            0x2000'1130  0x200  Data  Gb  usbd_desc.o [1]
USBD_StringSerial       0x2000'0170   0x1c  Data  Gb  usbd_desc.o [1]
USBD_static_free         0x800'33e9    0x2  Code  Gb  usbd_conf.o [1]
USBD_static_malloc       0x800'33cd    0x4  Code  Gb  usbd_conf.o [1]
USBD_static_malloc::mem
                        0x2000'0f10  0x220  Data  Lc  usbd_conf.o [1]
USB_ActivateEndpoint     0x800'1ed9  0x318  Code  Gb  stm32f1xx_ll_usb.o [1]
USB_CoreInit             0x800'1e81    0x8  Code  Gb  stm32f1xx_ll_usb.o [1]
USB_DeactivateEndpoint   0x800'21f1  0x1b8  Code  Gb  stm32f1xx_ll_usb.o [1]
USB_DevConnect           0x800'27f1    0x4  Code  Gb  stm32f1xx_ll_usb.o [1]
USB_DevDisconnect        0x800'27f5    0x4  Code  Gb  stm32f1xx_ll_usb.o [1]
USB_DevInit              0x800'1eb3   0x26  Code  Gb  stm32f1xx_ll_usb.o [1]
USB_DisableGlobalInt     0x800'1e9b   0x14  Code  Gb  stm32f1xx_ll_usb.o [1]
USB_EP0_OutStart         0x800'27ff    0x4  Code  Gb  stm32f1xx_ll_usb.o [1]
USB_EPClearStall         0x800'2741   0xa0  Code  Gb  stm32f1xx_ll_usb.o [1]
USB_EPSetStall           0x800'26f9   0x48  Code  Gb  stm32f1xx_ll_usb.o [1]
USB_EPStartXfer          0x800'23a9  0x350  Code  Gb  stm32f1xx_ll_usb.o [1]
USB_EnableGlobalInt      0x800'1e89   0x12  Code  Gb  stm32f1xx_ll_usb.o [1]
USB_LP_CAN1_RX0_IRQHandler
                         0x800'72c7    0xa  Code  Gb  stm32f1xx_it.o [1]
USB_ReadInterrupts       0x800'27f9    0x6  Code  Gb  stm32f1xx_ll_usb.o [1]
USB_ReadPMA              0x800'2835   0x36  Code  Gb  stm32f1xx_ll_usb.o [1]
USB_SetCurrentMode       0x800'1eaf    0x4  Code  Gb  stm32f1xx_ll_usb.o [1]
USB_SetDevAddress        0x800'27e1   0x10  Code  Gb  stm32f1xx_ll_usb.o [1]
USB_WritePMA             0x800'2803   0x32  Code  Gb  stm32f1xx_ll_usb.o [1]
UsageFault_Handler       0x800'72b3    0x2  Code  Gb  stm32f1xx_it.o [1]
UserRxBufferFS          0x2000'0210  0x3e8  Data  Gb  usbd_cdc_if.o [1]
UserTxBufferFS          0x2000'05f8  0x3e8  Data  Gb  usbd_cdc_if.o [1]
Wait_Tx_Done             0x800'64c3   0x20  Code  Gb  Lora_transmission_HAL.o [1]
_Encoding_8859_1_Mbrlen
                         0x800'1229    0x2  Code  Gb  xencoding_8859_1.o [2]
_Encoding_8859_1_Wctomb
                         0x800'1217   0x12  Code  Gb  xencoding_8859_1.o [2]
_GenldFull               0x800'0d0d  0x274  Code  Lc  xprintffull.o [2]
_LdtobFull               0x800'0909  0x3d6  Code  Lc  xprintffull.o [2]
_LitobFull               0x800'07b9  0x10a  Code  Lc  xprintffull.o [2]
_LocaleC_isspace         0x800'10b9   0x14  Code  Gb  xlocale_c.o [2]
_LocaleC_isupper         0x800'10ad    0x2  Code  Gb  xlocale_c.o [2]
_LocaleC_tolower         0x800'10cd    0xc  Code  Gb  xlocale_c.o [2]
_Locale_lconv           0x2000'018c   0x38  Data  Lc  xlocale_c.o [2]
_PrintfFull              0x800'00ed  0x1aa  Code  Gb  xprintffull.o [2]
_PutcharsFull            0x800'0f81   0x2e  Code  Lc  xprintffull.o [2]
_PutfldFull              0x800'0329  0x2d4  Code  Lc  xprintffull.o [2]
_PutstrFull              0x800'06f3   0xc6  Code  Lc  xprintffull.o [2]
_PuttxtFull              0x800'05fd   0xf6  Code  Lc  xprintffull.o [2]
_SProut                  0x800'1297    0xa  Code  Gb  xsprout.o [2]
__NVIC_EnableIRQ         0x800'343d   0x1c  Code  Lc  stm32f1xx_hal_cortex.o [1]
__NVIC_GetPriorityGrouping
                         0x800'3433    0xa  Code  Lc  stm32f1xx_hal_cortex.o [1]
__NVIC_SetPriority       0x800'3459   0x24  Code  Lc  stm32f1xx_hal_cortex.o [1]
__NVIC_SetPriorityGrouping
                         0x800'3419   0x1a  Code  Lc  stm32f1xx_hal_cortex.o [1]
__aeabi_cdcmple          0x800'178d         Code  Gb  DblCmpLe.o [3]
__aeabi_cdrcmple         0x800'17bd         Code  Gb  DblCmpGe.o [3]
__aeabi_d2iz             0x800'1929         Code  Gb  DblToS32.o [3]
__aeabi_d2uiz            0x800'1cb5         Code  Gb  DblToU32.o [3]
__aeabi_ddiv             0x800'1a6d         Code  Gb  DblDiv.o [3]
__aeabi_dmul             0x800'1579         Code  Gb  DblMul.o [3]
__aeabi_dsub             0x800'1989         Code  Gb  DblSub.o [3]
__aeabi_i2d              0x800'1965         Code  Gb  S32ToDbl.o [3]
__aeabi_ldiv0            0x800'1cfd         Code  Gb  I64DivZer.o [4]
__aeabi_memclr4          0x800'56e5         Code  Gb  ABImemclr4.o [4]
__aeabi_memcpy           0x800'12a1         Code  Gb  ABImemcpy.o [4]
__aeabi_memcpy4          0x800'12c1         Code  Gb  ABImemcpy.o [4]
__aeabi_memcpy8          0x800'12c1         Code  Gb  ABImemcpy.o [4]
__aeabi_ui2d             0x800'1cdd         Code  Gb  U32ToDbl.o [3]
__aeabi_uldivmod         0x800'1349         Code  Gb  I64DivMod.o [4]
__cmain                  0x800'7369         Code  Gb  cmain.o [4]
__exit                   0x800'1e6d   0x14  Code  Gb  exit.o [5]
__iar_Fail_s             0x800'11a1   0x1c  Code  Gb  xfail_s.o [2]
__iar_Mbcurmax           0x800'128d    0xa  Code  Gb  xmbcurmax.o [2]
__iar_Memchr             0x800'1235         Code  Gb  memchr.o [4]
__iar_Memset4_word       0x800'6ded         Code  Gb  ABImemset48.o [4]
__iar_Memset8_word       0x800'6ded         Code  Gb  ABImemset48.o [4]
__iar_Memset_word        0x800'7061         Code  Gb  ABImemset.o [4]
__iar_Stoulx             0x800'6c95  0x13a  Code  Gb  iar_Stoulx.o [2]
__iar_Strchr             0x800'1151         Code  Gb  strchr.o [4]
__iar_dadd               0x800'1999         Code  Gb  DblSub.o [3]
__iar_data_init3         0x800'72fd   0x28  Code  Gb  data_init.o [4]
__iar_dsub               0x800'1d01         Code  Gb  DblAdd.o [3]
__iar_dsubStart          0x800'1d13         Code  Gb  DblAdd.o [3]
__iar_frexp              0x800'1729         Code  Gb  frexp.o [3]
__iar_frexp64            0x800'171d         Code  Gb  frexp.o [3]
__iar_frexpl             0x800'1729         Code  Gb  frexp.o [3]
__iar_globLocale        0x2000'01c4   0x48  Data  Lc  xlocale_c.o [2]
__iar_global_Locale      0x800'10d9    0x4  Code  Gb  xlocale_c.o [2]
__iar_ldexp64            0x800'17ed         Code  Gb  ldexp.o [3]
__iar_lz77_init_single3
                         0x800'1033   0x7a  Code  Gb  lz77_init_single.o [4]
__iar_program_start      0x800'74b9         Code  Gb  cstartup_M.o [4]
__iar_scalbln64          0x800'17ed         Code  Gb  ldexp.o [3]
__iar_scalbn64           0x800'17ed         Code  Gb  ldexp.o [3]
__iar_zero_init3         0x800'1167   0x3a  Code  Gb  zero_init3.o [4]
__low_level_init         0x800'7387    0x4  Code  Gb  low_level_init.o [2]
__vector_table           0x800'0000         Data  Gb  startup_stm32f103xb.o [1]
_call_main               0x800'7375         Code  Gb  cmain.o [4]
_exit                    0x800'7391         Code  Gb  cexit.o [4]
_gLocale_mblen           0x800'113d    0x4  Code  Gb  xlocale_c.o [2]
_gLocale_mblenInt        0x800'1101   0x2c  Code  Gb  xlocale_c.o [2]
_gLocale_wctomb          0x800'1141    0x4  Code  Gb  xlocale_c.o [2]
_gLocale_wctombInt       0x800'1139    0x4  Code  Gb  xlocale_c.o [2]
_index                  0x2000'162e    0x1  Data  Gb  usbd_cdc_if.o [1]
_main                    0x800'7383         Code  Gb  cmain.o [4]
abort                    0x800'1cf7    0x6  Code  Gb  abort.o [2]
atoi                     0x800'6dd5    0x2  Code  Gb  iar_Stoulx.o [2]
broad_count             0x2000'161c    0x4  Data  Gb  Master.o [1]
count_reponse           0x2000'1620    0x4  Data  Gb  Slave.o [1]
count_success           0x2000'1614    0x4  Data  Gb  Master.o [1]
count_total             0x2000'1618    0x4  Data  Gb  Master.o [1]
digits                   0x800'7278   0x28  Data  Lc  iar_Stoulx.o [2]
exit                     0x800'738b    0x4  Code  Gb  exit.o [2]
free_ptr                0x2000'162d    0x1  Data  Gb  mainApp.o [1]
frexp                    0x800'171d         Code  Gb  frexp.o [3]
frexpl                   0x800'171d         Code  Gb  frexp.o [3]
fun1                     0x800'5ca5   0x3a  Code  Gb  SW_Timer.o [1]
hUsbDeviceFS            0x2000'09e0  0x2c4  Data  Gb  usb_device.o [1]
hpcd_USB_FS             0x2000'0ca4  0x26c  Data  Gb  usbd_conf.o [1]
hspi1                   0x2000'1480   0x58  Data  Gb  main.o [1]
htim2                   0x2000'14d8   0x40  Data  Gb  main.o [1]
isspace                  0x800'7039   0x14  Code  Gb  isspace.o [2]
ldexp                    0x800'17ed         Code  Gb  ldexp.o [3]
ldexpl                   0x800'17ed         Code  Gb  ldexp.o [3]
localeconv               0x800'1145    0x4  Code  Gb  xlocale_c.o [2]
main                     0x800'38a9   0x20  Code  Gb  main.o [1]
mainApp                  0x800'44e9  0x1ec  Code  Gb  mainApp.o [1]
memchr                   0x800'1235         Code  Gb  memchr.o [4]
myLoraMaster            0x2000'1330   0xcc  Data  Gb  Master.o [1]
myLoraMode              0x2000'13fc   0x84  Data  Gb  mainApp.o [1]
myLoraPtr               0x2000'162c    0x1  Data  Gb  logging.o [1]
myLoraSlave             0x2000'160c    0x8  Data  Gb  Slave.o [1]
myTxPacket              0x2000'15a8   0x14  Data  Gb  logging.o [1]
ndigs                    0x800'7250   0x28  Data  Lc  iar_Stoulx.o [2]
received_USB            0x2000'15fc    0x8  Data  Gb  logging.o [1]
scalbln                  0x800'17ed         Code  Gb  ldexp.o [3]
scalblnl                 0x800'17ed         Code  Gb  ldexp.o [3]
scalbn                   0x800'17ed         Code  Gb  ldexp.o [3]
scalbnl                  0x800'17ed         Code  Gb  ldexp.o [3]
scale                    0x800'08c3   0x46  Code  Lc  xprintffull.o [2]
sec_hand                0x2000'1628    0x4  Data  Lc  xfail_s.o [2]
sprintf                  0x800'6b89   0x40  Code  Gb  sprintf.o [2]
store_id                0x2000'1604    0x8  Data  Gb  mainApp.o [1]
store_packet            0x2000'15bc   0x14  Data  Gb  mainApp.o [1]
strchr                   0x800'1151         Code  Gb  strchr.o [4]
strcpy                   0x800'6fb1         Code  Gb  strcpy.o [4]
strlen                   0x800'11e1         Code  Gb  strlen.o [4]
strncmp                  0x800'6f89   0x28  Code  Gb  strncmp.o [2]
strncpy                  0x800'6fc9         Code  Gb  strncpy.o [4]
sx1276_7_8Data          0x2000'0000   0x14  Data  Gb  Lora_transmission_HAL.o [1]
sx1276_7_8_Config_Init   0x800'64e3   0xe0  Code  Gb  Lora_transmission_HAL.o [1]
sx1276_7_8_EntryLoRa     0x800'620d    0xc  Code  Gb  Lora_transmission_HAL.o [1]
sx1276_7_8_LoRaClearIrq
                         0x800'6219    0xc  Code  Gb  Lora_transmission_HAL.o [1]
sx1276_7_8_LoRaReadRSSI
                         0x800'6299   0x48  Code  Gb  Lora_transmission_HAL.o [1]
sx1276_7_8_Reset         0x800'61dd   0x24  Code  Gb  Lora_transmission_HAL.o [1]
sx1276_7_8_Sleep         0x800'6201    0xc  Code  Gb  Lora_transmission_HAL.o [1]
timer_measure_start      0x800'3bed    0xa  Code  Gb  logging.o [1]
timer_measure_stop       0x800'3bf7   0x16  Code  Gb  logging.o [1]
tolower                  0x800'704d   0x14  Code  Gb  tolower.o [2]
tx_u                    0x2000'15d0   0x14  Data  Gb  mainApp.o [1]
uwTick                  0x2000'1624    0x4  Data  Gb  stm32f1xx_hal.o [1]
uwTickFreq              0x2000'020c    0x1  Data  Gb  stm32f1xx_hal.o [1]
uwTickPrio              0x2000'0014    0x4  Data  Gb  stm32f1xx_hal.o [1]


[1] = D:\LoraFastest\EWARM\IAR_RFIDIM\Obj
[2] = dl7M_tlf.a
[3] = m7M_tl.a
[4] = rt7M_tl.a
[5] = shb_l.a

  29 632 bytes of readonly  code memory
     761 bytes of readonly  data memory
   6 701 bytes of readwrite data memory

Errors: none
Warnings: none
